Archive member included because of file (symbol)

libbb/lib.a(appletlib.o)      /opt/buildroot-gcc342/bin/../lib/gcc/mipsel-linux-uclibc/3.4.2/../../../../mipsel-linux-uclibc/lib/crt1.o (main)
libbb/lib.a(bb_basename.o)    libbb/lib.a(appletlib.o) (bb_basename)
libbb/lib.a(bb_strtonum.o)    libbb/lib.a(appletlib.o) (bb_strtoul)
libbb/lib.a(default_error_retval.o)
                              libbb/lib.a(appletlib.o) (xfunc_error_retval)
libbb/lib.a(error_msg_and_die.o)
                              libbb/lib.a(appletlib.o) (bb_error_msg_and_die)
libbb/lib.a(full_write.o)     libbb/lib.a(appletlib.o) (full_write)
libbb/lib.a(get_last_path_component.o)
                              libbb/lib.a(appletlib.o) (bb_get_last_path_component_nostrip)
libbb/lib.a(last_char_is.o)   libbb/lib.a(get_last_path_component.o) (last_char_is)
libbb/lib.a(messages.o)       libbb/lib.a(appletlib.o) (bb_banner)
libbb/lib.a(perror_msg_and_die.o)
                              libbb/lib.a(appletlib.o) (bb_perror_msg_and_die)
libbb/lib.a(ptr_to_globals.o)
                              libbb/lib.a(appletlib.o) (bb_errno)
libbb/lib.a(safe_write.o)     libbb/lib.a(full_write.o) (safe_write)
libbb/lib.a(skip_whitespace.o)
                              libbb/lib.a(appletlib.o) (skip_whitespace)
libbb/lib.a(verror_msg.o)     libbb/lib.a(error_msg_and_die.o) (bb_verror_msg)
libbb/lib.a(wfopen.o)         libbb/lib.a(appletlib.o) (fopen_for_read)
libbb/lib.a(xfunc_die.o)      libbb/lib.a(appletlib.o) (xfunc_die)
libbb/lib.a(xfuncs.o)         libbb/lib.a(appletlib.o) (get_terminal_width_height)
libbb/lib.a(xfuncs_printf.o)  libbb/lib.a(appletlib.o) (xmalloc)
libbb/lib.a(copyfd.o)         libbb/lib.a(xfuncs_printf.o) (bb_copyfd_eof)
libbb/lib.a(error_msg.o)      libbb/lib.a(xfuncs_printf.o) (bb_error_msg)
libbb/lib.a(perror_msg.o)     libbb/lib.a(xfuncs_printf.o) (bb_perror_msg)
libbb/lib.a(read.o)           libbb/lib.a(copyfd.o) (safe_read)
libbb/lib.a(safe_poll.o)      libbb/lib.a(read.o) (safe_poll)
loginutils/lib.a(addgroup.o)  libbb/lib.a(appletlib.o) (addgroup_main)
loginutils/lib.a(adduser.o)   libbb/lib.a(appletlib.o) (adduser_main)
loginutils/lib.a(chpasswd.o)  libbb/lib.a(appletlib.o) (chpasswd_main)
loginutils/lib.a(deluser.o)   libbb/lib.a(appletlib.o) (deluser_main)
loginutils/lib.a(getty.o)     libbb/lib.a(appletlib.o) (getty_main)
loginutils/lib.a(login.o)     libbb/lib.a(appletlib.o) (login_main)
loginutils/lib.a(passwd.o)    libbb/lib.a(appletlib.o) (passwd_main)
miscutils/lib.a(crond.o)      libbb/lib.a(appletlib.o) (crond_main)
miscutils/lib.a(eject.o)      libbb/lib.a(appletlib.o) (eject_main)
modutils/lib.a(insmod.o)      libbb/lib.a(appletlib.o) (insmod_main)
modutils/lib.a(lsmod.o)       libbb/lib.a(appletlib.o) (lsmod_main)
modutils/lib.a(rmmod.o)       libbb/lib.a(appletlib.o) (rmmod_main)
networking/lib.a(arp.o)       libbb/lib.a(appletlib.o) (arp_main)
networking/lib.a(arping.o)    libbb/lib.a(appletlib.o) (arping_main)
networking/lib.a(brctl.o)     libbb/lib.a(appletlib.o) (brctl_main)
networking/lib.a(ftpgetput.o)
                              libbb/lib.a(appletlib.o) (ftpgetput_main)
networking/lib.a(hostname.o)  libbb/lib.a(appletlib.o) (hostname_main)
networking/lib.a(ifconfig.o)  libbb/lib.a(appletlib.o) (ifconfig_main)
networking/lib.a(interface.o)
                              networking/lib.a(arp.o) (get_aftype)
networking/lib.a(ping.o)      libbb/lib.a(appletlib.o) (ping_main)
networking/lib.a(route.o)     libbb/lib.a(appletlib.o) (route_main)
networking/lib.a(telnetd.o)   libbb/lib.a(appletlib.o) (telnetd_main)
networking/lib.a(tftp.o)      libbb/lib.a(appletlib.o) (tftp_main)
networking/lib.a(vconfig.o)   libbb/lib.a(appletlib.o) (vconfig_main)
networking/lib.a(wget.o)      libbb/lib.a(appletlib.o) (wget_main)
networking/udhcp_multi/lib.a(dhcpc.o)
                              libbb/lib.a(appletlib.o) (udhcpc_main)
networking/udhcp_multi/lib.a(dhcpd.o)
                              libbb/lib.a(appletlib.o) (udhcpd_main)
networking/udhcp_multi/lib.a(files.o)
                              networking/udhcp_multi/lib.a(dhcpd.o) (find_option)
networking/udhcp_multi/lib.a(leases.o)
                              networking/udhcp_multi/lib.a(files.o) (utt_dhcpSrvNm)
networking/udhcp_multi/lib.a(options.o)
                              networking/udhcp_multi/lib.a(files.o) (dhcp_option_lengths)
networking/udhcp_multi/lib.a(packet.o)
                              networking/udhcp_multi/lib.a(dhcpd.o) (udhcp_recv_kernel_packet)
networking/udhcp_multi/lib.a(script.o)
                              networking/udhcp_multi/lib.a(dhcpc.o) (udhcp_run_script)
networking/udhcp_multi/lib.a(serverpacket.o)
                              networking/udhcp_multi/lib.a(dhcpd.o) (send_offer)
networking/udhcp_multi/lib.a(signalpipe.o)
                              networking/udhcp_multi/lib.a(dhcpc.o) (udhcp_sp_setup)
networking/udhcp_multi/lib.a(socket.o)
[...]
Memory Configuration

Name             Origin             Length             Attributes
*default*        0x0000000000000000 0xffffffffffffffff

Linker script and memory map

LOAD /opt/buildroot-gcc342/bin/../lib/gcc/mipsel-linux-uclibc/3.4.2/../../../../mipsel-linux-uclibc/lib/crt1.o
LOAD /opt/buildroot-gcc342/bin/../lib/gcc/mipsel-linux-uclibc/3.4.2/../../../../mipsel-linux-uclibc/lib/crti.o
LOAD /opt/buildroot-gcc342/bin/../lib/gcc/mipsel-linux-uclibc/3.4.2/crtbegin.o
START GROUP
LOAD applets/built-in.o
LOAD archival/lib.a
LOAD archival/libunarchive/lib.a
LOAD console-tools/lib.a
LOAD coreutils/lib.a
LOAD coreutils/libcoreutils/lib.a
LOAD debianutils/lib.a
LOAD e2fsprogs/lib.a
LOAD editors/lib.a
LOAD findutils/lib.a
LOAD init/lib.a
LOAD libbb/lib.a
LOAD libpwdgrp/lib.a
LOAD loginutils/lib.a
LOAD miscutils/lib.a
LOAD modutils/lib.a
LOAD networking/lib.a
LOAD networking/udhcp_multi/lib.a
LOAD networking/libiproute/lib.a
LOAD printutils/lib.a
LOAD procps/lib.a
LOAD runit/lib.a
LOAD selinux/lib.a
LOAD shell/lib.a
LOAD sysklogd/lib.a
LOAD util-linux/lib.a
LOAD util-linux/volume_id/lib.a
LOAD archival/built-in.o
LOAD archival/libunarchive/built-in.o
LOAD console-tools/built-in.o
LOAD coreutils/built-in.o
LOAD coreutils/libcoreutils/built-in.o
LOAD debianutils/built-in.o
LOAD e2fsprogs/built-in.o
LOAD editors/built-in.o
LOAD findutils/built-in.o
LOAD init/built-in.o
LOAD libbb/built-in.o
LOAD libpwdgrp/built-in.o
LOAD loginutils/built-in.o
LOAD miscutils/built-in.o
LOAD modutils/built-in.o
LOAD networking/built-in.o
LOAD networking/udhcp_multi/built-in.o
LOAD networking/libiproute/built-in.o
LOAD printutils/built-in.o
LOAD procps/built-in.o
LOAD runit/built-in.o
LOAD selinux/built-in.o
LOAD shell/built-in.o
LOAD sysklogd/built-in.o
LOAD util-linux/built-in.o
LOAD util-linux/volume_id/built-in.o
END GROUP
START GROUP
LOAD /data3/wu.xiaoyu/BR_SOHO_189_GIT/MSG-WR201_CMCC/source/lib/lib/libconfig.so
LOAD /data3/wu.xiaoyu/BR_SOHO_189_GIT/MSG-WR201_CMCC/source/lib/lib/libcrypt.so
END GROUP
LOAD /opt/buildroot-gcc342/bin/../lib/gcc/mipsel-linux-uclibc/3.4.2/libgcc.a
LOAD /data3/wu.xiaoyu/BR_SOHO_189_GIT/MSG-WR201_CMCC/source/lib/lib/libc.so
LOAD /opt/buildroot-gcc342/bin/../lib/gcc/mipsel-linux-uclibc/3.4.2/libgcc.a
LOAD /opt/buildroot-gcc342/bin/../lib/gcc/mipsel-linux-uclibc/3.4.2/crtend.o
LOAD /opt/buildroot-gcc342/bin/../lib/gcc/mipsel-linux-uclibc/3.4.2/../../../../mipsel-linux-uclibc/lib/crtn.o
                0x0000000000400000                PROVIDE (__executable_start, 0x400000)
                0x00000000004000d4                . = (0x400000 + SIZEOF_HEADERS)

.interp         0x00000000004000d4       0x14
 *(SORT(.interp))
 .interp        0x00000000004000d4       0x14 /opt/buildroot-gcc342/bin/../lib/gcc/mipsel-linux-uclibc/3.4.2/../../../../mipsel-linux-uclibc/lib/crt1.o

.reginfo
 *(SORT(.reginfo))

.dynamic        0x00000000004000e8       0xe8
 *(SORT(.dynamic))
 .dynamic       0x00000000004000e8       0xe8 /opt/buildroot-gcc342/bin/../lib/gcc/mipsel-linux-uclibc/3.4.2/../../../../mipsel-linux-uclibc/lib/crt1.o
                0x00000000004000e8                _DYNAMIC

.hash           0x00000000004001d0     0x12e0
 *(SORT(.hash))
 .hash          0x00000000004001d0     0x12e0 /opt/buildroot-gcc342/bin/../lib/gcc/mipsel-linux-uclibc/3.4.2/../../../../mipsel-linux-uclibc/lib/crt1.o

.dynsym         0x00000000004014b0     0x2ad0
 *(SORT(.dynsym))
 .dynsym        0x00000000004014b0     0x2ad0 /opt/buildroot-gcc342/bin/../lib/gcc/mipsel-linux-uclibc/3.4.2/../../../../mipsel-linux-uclibc/lib/crt1.o

.dynstr         0x0000000000403f80     0x1d6b
 *(SORT(.dynstr))
 .dynstr        0x0000000000403f80     0x1d6b /opt/buildroot-gcc342/bin/../lib/gcc/mipsel-linux-uclibc/3.4.2/../../../../mipsel-linux-uclibc/lib/crt1.o

.gnu.version    0x0000000000405cec        0x0
 *(SORT(.gnu.version))

.gnu.version_d  0x0000000000405cec        0x0
 *(SORT(.gnu.version_d))

.gnu.version_r  0x0000000000405cec        0x0
 *(SORT(.gnu.version_r))

.rel.dyn        0x0000000000405cec        0x0
 *(SORT(.rel.init))
 *(SORT(.rel.text) .rel.text.* .rel.gnu.linkonce.t.*)
 *(SORT(.rel.fini))
 *(SORT(.rel.rodata) .rel.rodata.* .rel.gnu.linkonce.r.*)
 *(SORT(.rel.data.rel.ro*) .rel.gnu.linkonce.d.rel.ro.*)
 *(SORT(.rel.data) .rel.data.* .rel.gnu.linkonce.d.*)
 *(SORT(.rel.tdata) .rel.tdata.* .rel.gnu.linkonce.td.*)
 *(SORT(.rel.tbss) .rel.tbss.* .rel.gnu.linkonce.tb.*)
 *(SORT(.rel.ctors))
 *(SORT(.rel.dtors))
 *(SORT(.rel.got))
 *(SORT(.rel.sdata) .rel.sdata.* .rel.gnu.linkonce.s.*)
 *(SORT(.rel.sbss) .rel.sbss.* .rel.gnu.linkonce.sb.*)
 *(SORT(.rel.sdata2) .rel.sdata2.* .rel.gnu.linkonce.s2.*)
 *(SORT(.rel.sbss2) .rel.sbss2.* .rel.gnu.linkonce.sb2.*)
 *(SORT(.rel.bss) .rel.bss.* .rel.gnu.linkonce.b.*)

.rela.dyn
 *(SORT(.rela.init))
 *(SORT(.rela.text) .rela.text.* .rela.gnu.linkonce.t.*)
 *(SORT(.rela.fini))
 *(SORT(.rela.rodata) .rela.rodata.* .rela.gnu.linkonce.r.*)
 *(SORT(.rela.data) .rela.data.* .rela.gnu.linkonce.d.*)
 *(SORT(.rela.tdata) .rela.tdata.* .rela.gnu.linkonce.td.*)
 *(SORT(.rela.tbss) .rela.tbss.* .rela.gnu.linkonce.tb.*)
 *(SORT(.rela.ctors))
 *(SORT(.rela.dtors))
 *(SORT(.rela.got))
 *(SORT(.rela.sdata) .rela.sdata.* .rela.gnu.linkonce.s.*)
 *(SORT(.rela.sbss) .rela.sbss.* .rela.gnu.linkonce.sb.*)
 *(SORT(.rela.sdata2) .rela.sdata2.* .rela.gnu.linkonce.s2.*)
 *(SORT(.rela.sbss2) .rela.sbss2.* .rela.gnu.linkonce.sb2.*)
 *(SORT(.rela.bss) .rela.bss.* .rela.gnu.linkonce.b.*)

.rel.plt
 *(SORT(.rel.plt))

.rela.plt
 *(SORT(.rela.plt))

.init           0x0000000000405cec       0x88
 *(SORT(.init))
 .init          0x0000000000405cec       0x1c /opt/buildroot-gcc342/bin/../lib/gcc/mipsel-linux-uclibc/3.4.2/../../../../mipsel-linux-uclibc/lib/crti.o
                0x0000000000405cec                _init
 .init          0x0000000000405d08        0xc /opt/buildroot-gcc342/bin/../lib/gcc/mipsel-linux-uclibc/3.4.2/../../../../mipsel-linux-uclibc/lib/crtn.o
 .init          0x0000000000405d14       0x30 /opt/buildroot-gcc342/bin/../lib/gcc/mipsel-linux-uclibc/3.4.2/crtbegin.o
 .init          0x0000000000405d44       0x30 /opt/buildroot-gcc342/bin/../lib/gcc/mipsel-linux-uclibc/3.4.2/crtend.o

.plt
 *(SORT(.plt))

.text           0x0000000000405d80    0x58504
                0x0000000000405d80                _ftext = .
 *(SORT(.text) .stub .text.* .gnu.linkonce.t.*)
 .text          0x0000000000405d80       0x60 /opt/buildroot-gcc342/bin/../lib/gcc/mipsel-linux-uclibc/3.4.2/../../../../mipsel-linux-uclibc/lib/crt1.o
                0x0000000000405d80                __start
 .text          0x0000000000405de0      0x180 /opt/buildroot-gcc342/bin/../lib/gcc/mipsel-linux-uclibc/3.4.2/crtbegin.o
 .text          0x0000000000405f60      0x6a0 /opt/buildroot-gcc342/bin/../lib/gcc/mipsel-linux-uclibc/3.4.2/libgcc.a(_divdi3.o)
                0x0000000000405f60                __divdi3
 .text          0x0000000000406600      0x650 /opt/buildroot-gcc342/bin/../lib/gcc/mipsel-linux-uclibc/3.4.2/libgcc.a(_udivdi3.o)
                0x0000000000406600                __udivdi3
 .text          0x0000000000406c50      0x5e0 /opt/buildroot-gcc342/bin/../lib/gcc/mipsel-linux-uclibc/3.4.2/libgcc.a(_umoddi3.o)
                0x0000000000406c50                __umoddi3
 .text          0x0000000000407230       0x80 /opt/buildroot-gcc342/bin/../lib/gcc/mipsel-linux-uclibc/3.4.2/crtend.o
 .text.full_write2_str
                0x00000000004072b0       0x50 libbb/lib.a(appletlib.o)
 .text.applet_name_compare
                0x0000000000407300       0x34 libbb/lib.a(appletlib.o)
 .text.find_applet_by_name
                0x0000000000407334       0x64 libbb/lib.a(appletlib.o)
                0x0000000000407334                find_applet_by_name
 .text.bb_show_usage
                0x0000000000407398      0x128 libbb/lib.a(appletlib.o)
                0x0000000000407398                bb_show_usage
 .text.lbb_prepare
                0x00000000004074c0       0x58 libbb/lib.a(appletlib.o)
                0x00000000004074c0                lbb_prepare
 .text.get_trimmed_slice
                0x0000000000407518       0x74 libbb/lib.a(appletlib.o)
 .text.run_applet_no_and_exit
                0x000000000040758c      0x364 libbb/lib.a(appletlib.o)
                0x000000000040758c                run_applet_no_and_exit
 .text.run_applet_and_exit
                0x00000000004078f0      0x2b0 libbb/lib.a(appletlib.o)
                0x00000000004078f0                run_applet_and_exit
 .text.main     0x0000000000407ba0      0x5dc libbb/lib.a(appletlib.o)
                0x0000000000407ba0                main
 .text.bb_basename
                0x000000000040817c       0x50 libbb/lib.a(bb_basename.o)
                0x000000000040817c                bb_basename
 .text.ret_ERANGE
                0x00000000004081cc       0x28 libbb/lib.a(bb_strtonum.o)
 .text.handle_errors
                0x00000000004081f4       0xb8 libbb/lib.a(bb_strtonum.o)
 .text.bb_strtoul
                0x00000000004082ac       0xcc libbb/lib.a(bb_strtonum.o)
                0x00000000004082ac                bb_strtoul
 .text.bb_strtol
                0x0000000000408378       0xe0 libbb/lib.a(bb_strtonum.o)
                0x0000000000408378                bb_strtol
 .text.bb_error_msg_and_die
                0x0000000000408458       0x4c libbb/lib.a(error_msg_and_die.o)
                0x0000000000408458                bb_error_msg_and_die
 .text.full_write
                0x00000000004084a4       0x9c libbb/lib.a(full_write.o)
                0x00000000004084a4                full_write
 .text.bb_get_last_path_component_nostrip
                0x0000000000408540       0x6c libbb/lib.a(get_last_path_component.o)
                0x0000000000408540                bb_get_last_path_component_nostrip
 .text.bb_get_last_path_component_strip
                0x00000000004085ac       0x88 libbb/lib.a(get_last_path_component.o)
                0x00000000004085ac                bb_get_last_path_component_strip
 .text.last_char_is
                0x0000000000408634       0x78 libbb/lib.a(last_char_is.o)
                0x0000000000408634                last_char_is
 .text.bb_perror_msg_and_die
                0x00000000004086ac       0x80 libbb/lib.a(perror_msg_and_die.o)
                0x00000000004086ac                bb_perror_msg_and_die
 .text.bb_simple_perror_msg_and_die
                0x000000000040872c       0x30 libbb/lib.a(perror_msg_and_die.o)
                0x000000000040872c                bb_simple_perror_msg_and_die
 .text.safe_write
                0x000000000040875c       0x88 libbb/lib.a(safe_write.o)
                0x000000000040875c                safe_write
 .text.skip_whitespace
                0x00000000004087e4       0x54 libbb/lib.a(skip_whitespace.o)
                0x00000000004087e4                skip_whitespace
 .text.skip_non_whitespace
                0x0000000000408838       0x60 libbb/lib.a(skip_whitespace.o)
                0x0000000000408838                skip_non_whitespace
 .text.bb_verror_msg
                0x0000000000408898      0x294 libbb/lib.a(verror_msg.o)
                0x0000000000408898                bb_verror_msg
 .text.fopen_or_warn
                0x0000000000408b2c       0x80 libbb/lib.a(wfopen.o)
                0x0000000000408b2c                fopen_or_warn
 .text.fopen_for_read
                0x0000000000408bac       0x20 libbb/lib.a(wfopen.o)
                0x0000000000408bac                fopen_for_read
 .text.xfopen_for_read
                0x0000000000408bcc       0x20 libbb/lib.a(wfopen.o)
                0x0000000000408bcc                xfopen_for_read
 .text.xfopen_for_write
                0x0000000000408bec       0x20 libbb/lib.a(wfopen.o)
                0x0000000000408bec                xfopen_for_write
 .text.xfunc_die
                0x0000000000408c0c       0x5c libbb/lib.a(xfunc_die.o)
                0x0000000000408c0c                xfunc_die
 .text.ndelay_on
                0x0000000000408c68       0x50 libbb/lib.a(xfuncs.o)
                0x0000000000408c68                ndelay_on
 .text.ndelay_off
                0x0000000000408cb8       0x54 libbb/lib.a(xfuncs.o)
                0x0000000000408cb8                ndelay_off
 .text.close_on_exec_on
                0x0000000000408d0c       0x1c libbb/lib.a(xfuncs.o)
                0x0000000000408d0c                close_on_exec_on
 .text.smart_ulltoa5
                0x0000000000408d28      0x34c libbb/lib.a(xfuncs.o)
                0x0000000000408d28                smart_ulltoa5
 .text.utoa_to_buf
                0x0000000000409074       0x8c libbb/lib.a(xfuncs.o)
                0x0000000000409074                utoa_to_buf
 .text.itoa_to_buf
                0x0000000000409100       0x38 libbb/lib.a(xfuncs.o)
                0x0000000000409100                itoa_to_buf
 .text.utoa     0x0000000000409138       0x4c libbb/lib.a(xfuncs.o)
                0x0000000000409138                utoa
 .text.itoa     0x0000000000409184       0x4c libbb/lib.a(xfuncs.o)
                0x0000000000409184                itoa
 .text.get_terminal_width_height
                0x00000000004091d0      0x160 libbb/lib.a(xfuncs.o)
                0x00000000004091d0                get_terminal_width_height
 .text.xmalloc  0x0000000000409330       0x60 libbb/lib.a(xfuncs_printf.o)
                0x0000000000409330                xmalloc
 .text.xrealloc
                0x0000000000409390       0x60 libbb/lib.a(xfuncs_printf.o)
                0x0000000000409390                xrealloc
 .text.xzalloc  0x00000000004093f0       0x68 libbb/lib.a(xfuncs_printf.o)
                0x00000000004093f0                xzalloc
 .text.xstrdup  0x0000000000409458       0x58 libbb/lib.a(xfuncs_printf.o)
                0x0000000000409458                xstrdup
 .text.xstrndup
                0x00000000004094b0       0x90 libbb/lib.a(xfuncs_printf.o)
                0x00000000004094b0                xstrndup
 .text.xfopen   0x0000000000409540       0x5c libbb/lib.a(xfuncs_printf.o)
                0x0000000000409540                xfopen
 .text.xopen3   0x000000000040959c       0x5c libbb/lib.a(xfuncs_printf.o)
                0x000000000040959c                xopen3
 .text.xopen    0x00000000004095f8       0x1c libbb/lib.a(xfuncs_printf.o)
                0x00000000004095f8                xopen
 .text.open3_or_warn
                0x0000000000409614       0x70 libbb/lib.a(xfuncs_printf.o)
                0x0000000000409614                open3_or_warn
 .text.open_or_warn
                0x0000000000409684       0x1c libbb/lib.a(xfuncs_printf.o)
                0x0000000000409684                open_or_warn
 .text.xrename  0x00000000004096a0       0x64 libbb/lib.a(xfuncs_printf.o)
                0x00000000004096a0                xrename
 .text.xpipe    0x0000000000409704       0x58 libbb/lib.a(xfuncs_printf.o)
                0x0000000000409704                xpipe
 .text.xdup2    0x000000000040975c       0x5c libbb/lib.a(xfuncs_printf.o)
                0x000000000040975c                xdup2
 .text.xmove_fd
                0x00000000004097b8       0x5c libbb/lib.a(xfuncs_printf.o)
                0x00000000004097b8                xmove_fd
 .text.xwrite   0x0000000000409814       0x60 libbb/lib.a(xfuncs_printf.o)
                0x0000000000409814                xwrite
 .text.xlseek   0x0000000000409874       0x78 libbb/lib.a(xfuncs_printf.o)
                0x0000000000409874                xlseek
 .text.die_if_ferror
                0x00000000004098ec       0x5c libbb/lib.a(xfuncs_printf.o)
                0x00000000004098ec                die_if_ferror
 .text.die_if_ferror_stdout
                0x0000000000409948       0x24 libbb/lib.a(xfuncs_printf.o)
                0x0000000000409948                die_if_ferror_stdout
 .text.bb_putchar
                0x000000000040996c       0x80 libbb/lib.a(xfuncs_printf.o)
                0x000000000040996c                bb_putchar
 .text.xprint_and_close_file
                0x00000000004099ec       0x98 libbb/lib.a(xfuncs_printf.o)
                0x00000000004099ec                xprint_and_close_file
 .text.xasprintf
                0x0000000000409a84       0x68 libbb/lib.a(xfuncs_printf.o)
                0x0000000000409a84                xasprintf
 .text.xsetenv  0x0000000000409aec       0x54 libbb/lib.a(xfuncs_printf.o)
                0x0000000000409aec                xsetenv
 .text.xsetgid  0x0000000000409b40       0x58 libbb/lib.a(xfuncs_printf.o)
                0x0000000000409b40                xsetgid
 .text.xsetuid  0x0000000000409b98       0x58 libbb/lib.a(xfuncs_printf.o)
                0x0000000000409b98                xsetuid
 .text.xchdir   0x0000000000409bf0       0x5c libbb/lib.a(xfuncs_printf.o)
                0x0000000000409bf0                xchdir
 .text.warn_opendir
                0x0000000000409c4c       0x70 libbb/lib.a(xfuncs_printf.o)
                0x0000000000409c4c                warn_opendir
 .text.xopendir
                0x0000000000409cbc       0x5c libbb/lib.a(xfuncs_printf.o)
                0x0000000000409cbc                xopendir
 .text.xsocket  0x0000000000409d18       0x58 libbb/lib.a(xfuncs_printf.o)
                0x0000000000409d18                xsocket
 .text.xbind    0x0000000000409d70       0x58 libbb/lib.a(xfuncs_printf.o)
                0x0000000000409d70                xbind
 .text.xlisten  0x0000000000409dc8       0x58 libbb/lib.a(xfuncs_printf.o)
                0x0000000000409dc8                xlisten
 .text.xsendto  0x0000000000409e20       0x60 libbb/lib.a(xfuncs_printf.o)
                0x0000000000409e20                xsendto
 .text.xstat    0x0000000000409e80       0x5c libbb/lib.a(xfuncs_printf.o)
                0x0000000000409e80                xstat
 .text.ioctl_or_perror_and_die
                0x0000000000409edc       0x94 libbb/lib.a(xfuncs_printf.o)
                0x0000000000409edc                ioctl_or_perror_and_die
 .text.ioctl_or_perror
                0x0000000000409f70       0x94 libbb/lib.a(xfuncs_printf.o)
                0x0000000000409f70                ioctl_or_perror
 .text.bb_ioctl_or_warn
                0x000000000040a004       0x70 libbb/lib.a(xfuncs_printf.o)
                0x000000000040a004                bb_ioctl_or_warn
 .text.bb_xioctl
                0x000000000040a074       0x5c libbb/lib.a(xfuncs_printf.o)
                0x000000000040a074                bb_xioctl
 .text.bb_full_fd_action
                0x000000000040a0d0      0x140 libbb/lib.a(copyfd.o)
 .text.bb_copyfd_eof
                0x000000000040a210       0x20 libbb/lib.a(copyfd.o)
                0x000000000040a210                bb_copyfd_eof
 .text.bb_error_msg
                0x000000000040a230       0x48 libbb/lib.a(error_msg.o)
                0x000000000040a230                bb_error_msg
 .text.bb_perror_msg
                0x000000000040a278       0x7c libbb/lib.a(perror_msg.o)
                0x000000000040a278                bb_perror_msg
 .text.bb_simple_perror_msg
                0x000000000040a2f4       0x24 libbb/lib.a(perror_msg.o)
                0x000000000040a2f4                bb_simple_perror_msg
 .text.dbck     0x000000000040a318       0x10 libbb/lib.a(perror_msg.o)
                0x000000000040a318                dbck
 .text.safe_read
                0x000000000040a328       0x88 libbb/lib.a(read.o)
                0x000000000040a328                safe_read
 .text.nonblock_safe_read
                0x000000000040a3b0       0xb4 libbb/lib.a(read.o)
                0x000000000040a3b0                nonblock_safe_read
 .text.full_read
                0x000000000040a464       0xa4 libbb/lib.a(read.o)
                0x000000000040a464                full_read
 .text.read_close
                0x000000000040a508       0x64 libbb/lib.a(read.o)
                0x000000000040a508                read_close
 .text.open_read_close
                0x000000000040a56c       0x74 libbb/lib.a(read.o)
                0x000000000040a56c                open_read_close
 .text.xmalloc_read
                0x000000000040a5e0      0x170 libbb/lib.a(read.o)
                0x000000000040a5e0                xmalloc_read
 .text.xmalloc_open_read_close
                0x000000000040a750       0x88 libbb/lib.a(read.o)
                0x000000000040a750                xmalloc_open_read_close
 .text.xmalloc_xopen_read_close
                0x000000000040a7d8       0x5c libbb/lib.a(read.o)
                0x000000000040a7d8                xmalloc_xopen_read_close
 .text.safe_poll
                0x000000000040a834       0xbc libbb/lib.a(safe_poll.o)
                0x000000000040a834                safe_poll
 .text.addgroup_main
                0x000000000040a8f0      0x408 loginutils/lib.a(addgroup.o)
                0x000000000040a8f0                addgroup_main
 .text.adduser_main
                0x000000000040acf8      0x414 loginutils/lib.a(adduser.o)
                0x000000000040acf8                adduser_main
 .text.chpasswd_main
                0x000000000040b10c      0x224 loginutils/lib.a(chpasswd.o)
                0x000000000040b10c                chpasswd_main
 .text.del_line_matching
                0x000000000040b330      0x338 loginutils/lib.a(deluser.o)
 .text.deluser_main
                0x000000000040b668      0x104 loginutils/lib.a(deluser.o)
                0x000000000040b668                deluser_main
 .text.bcode    0x000000000040b76c       0x58 loginutils/lib.a(getty.o)
 .text.getty_main
                0x000000000040b7c4      0xc3c loginutils/lib.a(getty.o)
                0x000000000040b7c4                getty_main
 .text.alarm_handler
                0x000000000040c400       0x90 loginutils/lib.a(login.o)
 .text.login_main
                0x000000000040c490      0x7f0 loginutils/lib.a(login.o)
                0x000000000040c490                login_main
 .text.nuke_str
                0x000000000040cc80       0x64 loginutils/lib.a(passwd.o)
 .text.passwd_main
                0x000000000040cce4      0x5d4 loginutils/lib.a(passwd.o)
                0x000000000040cce4                passwd_main
 .text.crondlog
                0x000000000040d2b8       0xd0 miscutils/lib.a(crond.o)
 .text.safe_setenv4
                0x000000000040d388       0xb0 miscutils/lib.a(crond.o)
 .text.ParseField
                0x000000000040d438      0x2b8 miscutils/lib.a(crond.o)
 .text.DeleteFile
                0x000000000040d6f0      0x144 miscutils/lib.a(crond.o)
 .text.SynchronizeFile
                0x000000000040d834      0x3a4 miscutils/lib.a(crond.o)
 .text.SynchronizeDir
                0x000000000040dbd8      0x1b8 miscutils/lib.a(crond.o)
 .text.RunJob   0x000000000040dd90      0x21c miscutils/lib.a(crond.o)
 .text.crond_main
                0x000000000040dfac      0x5f4 miscutils/lib.a(crond.o)
                0x000000000040dfac                crond_main
 .text.eject_main
                0x000000000040e5a0      0x12c miscutils/lib.a(eject.o)
                0x000000000040e5a0                eject_main
 .text.insmod_main
                0x000000000040e6cc      0x21c modutils/lib.a(insmod.o)
                0x000000000040e6cc                insmod_main
 .text.lsmod_main
                0x000000000040e8e8      0x284 modutils/lib.a(lsmod.o)
                0x000000000040e8e8                lsmod_main
 .text.rmmod_main
                0x000000000040eb6c      0x200 modutils/lib.a(rmmod.o)
                0x000000000040eb6c                rmmod_main
 .text.arp_main
                0x000000000040ed6c      0xd70 networking/lib.a(arp.o)
                0x000000000040ed6c                arp_main
 .text.finish   0x000000000040fadc       0xec networking/lib.a(arping.o)
 .text.catcher  0x000000000040fbc8      0x29c networking/lib.a(arping.o)
 .text.arping_main
                0x000000000040fe64      0xc14 networking/lib.a(arping.o)
                0x000000000040fe64                arping_main
 .text.arm_ioctl
                0x0000000000410a78       0x14 networking/lib.a(brctl.o)
 .text.brctl_main
                0x0000000000410a8c      0x740 networking/lib.a(brctl.o)
                0x0000000000410a8c                brctl_main
 .text.ftp_die  0x00000000004111cc       0x88 networking/lib.a(ftpgetput.o)
 .text.ftpcmd   0x0000000000411254      0x148 networking/lib.a(ftpgetput.o)
 .text.ftpgetput_main
                0x000000000041139c      0x550 networking/lib.a(ftpgetput.o)
                0x000000000041139c                ftpgetput_main
 .text.do_sethostname
                0x00000000004118ec      0x124 networking/lib.a(hostname.o)
 .text.hostname_main
                0x0000000000411a10      0x208 networking/lib.a(hostname.o)
                0x0000000000411a10                hostname_main
 .text.ifconfig_main
                0x0000000000411c18      0x568 networking/lib.a(ifconfig.o)
                0x0000000000411c18                ifconfig_main
 .text.INET_sprint
                0x0000000000412180       0x9c networking/lib.a(interface.o)
 .text.INET_input
                0x000000000041221c       0x1c networking/lib.a(interface.o)
 .text.UNSPEC_print
                0x0000000000412238       0xb0 networking/lib.a(interface.o)
 .text.UNSPEC_sprint
                0x00000000004122e8       0x44 networking/lib.a(interface.o)
 .text.get_aftype
                0x000000000041232c       0x90 networking/lib.a(interface.o)
                0x000000000041232c                get_aftype
 .text.get_afntype
                0x00000000004123bc       0x5c networking/lib.a(interface.o)
 .text.add_interface
                0x0000000000412418      0x100 networking/lib.a(interface.o)
 .text.if_readconf
                0x0000000000412518      0x14c networking/lib.a(interface.o)
 .text.if_readlist_proc
                0x0000000000412664      0x3bc networking/lib.a(interface.o)
 .text.do_if_fetch
                0x0000000000412a20      0x4c0 networking/lib.a(interface.o)
 .text.ether_print
                0x0000000000412ee0       0x8c networking/lib.a(interface.o)
 .text.hexchar2int
                0x0000000000412f6c       0x34 networking/lib.a(interface.o)
 .text.ether_input
                0x0000000000412fa0      0x140 networking/lib.a(interface.o)
 .text.get_hwtype
                0x00000000004130e0       0x90 networking/lib.a(interface.o)
                0x00000000004130e0                get_hwtype
 .text.get_hwntype
                0x0000000000413170       0x5c networking/lib.a(interface.o)
                0x0000000000413170                get_hwntype
 .text.print_bytes_scaled
                0x00000000004131cc       0xbc networking/lib.a(interface.o)
 .text.ife_print
                0x0000000000413288      0x67c networking/lib.a(interface.o)
 .text.display_interfaces
                0x0000000000413904      0x1ac networking/lib.a(interface.o)
                0x0000000000413904                display_interfaces
 .text.print_stats_and_exit
                0x0000000000413ab0      0x22c networking/lib.a(ping.o)
 .text.sendping4
                0x0000000000413cdc      0x298 networking/lib.a(ping.o)
 .text.ping_main
                0x0000000000413f74      0x7ec networking/lib.a(ping.o)
                0x0000000000413f74                ping_main
 .text.kw_lookup
                0x0000000000414760       0xdc networking/lib.a(route.o)
 .text.bb_displayroutes
                0x000000000041483c      0x330 networking/lib.a(route.o)
                0x000000000041483c                bb_displayroutes
 .text.route_main
                0x0000000000414b6c      0x6d4 networking/lib.a(route.o)
                0x0000000000414b6c                route_main
 .text.make_new_session
                0x0000000000415240      0x354 networking/lib.a(telnetd.o)
 .text.free_session
                0x0000000000415594      0x144 networking/lib.a(telnetd.o)
 .text.handle_sigchld
                0x00000000004156d8       0x80 networking/lib.a(telnetd.o)
 .text.telnetd_main
                0x0000000000415758      0x924 networking/lib.a(telnetd.o)
                0x0000000000415758                telnetd_main
 .text.tftp_main
                0x000000000041607c      0x724 networking/lib.a(tftp.o)
                0x000000000041607c                tftp_main
 .text.xfind_str
                0x00000000004167a0       0x88 networking/lib.a(vconfig.o)
 .text.vconfig_main
                0x0000000000416828      0x1d4 networking/lib.a(vconfig.o)
                0x0000000000416828                vconfig_main
 .text.progressmeter
                0x00000000004169fc      0x4f8 networking/lib.a(wget.o)
 .text.safe_fgets
                0x0000000000416ef4       0xc4 networking/lib.a(wget.o)
 .text.base64enc_512
                0x0000000000416fb8       0x7c networking/lib.a(wget.o)
 .text.open_socket
                0x0000000000417034       0x74 networking/lib.a(wget.o)
 .text.ftpcmd   0x00000000004170a8      0x134 networking/lib.a(wget.o)
 .text.parse_url
                0x00000000004171dc      0x224 networking/lib.a(wget.o)
 .text.gethdr   0x0000000000417400      0x1f4 networking/lib.a(wget.o)
 .text.wget_main
                0x00000000004175f4      0xed0 networking/lib.a(wget.o)
                0x00000000004175f4                wget_main
 .text.change_listen_mode
                0x00000000004184c4       0x68 networking/udhcp_multi/lib.a(dhcpc.o)
 .text.perform_release
                0x000000000041852c      0x130 networking/udhcp_multi/lib.a(dhcpc.o)
 .text.client_background
                0x000000000041865c       0x54 networking/udhcp_multi/lib.a(dhcpc.o)
 .text.alloc_dhcp_option
                0x00000000004186b0       0xc4 networking/udhcp_multi/lib.a(dhcpc.o)
 .text.udhcpc_main
                0x0000000000418774      0xe1c networking/udhcp_multi/lib.a(dhcpc.o)
                0x0000000000418774                udhcpc_main
 .text.udhcpd_main
                0x0000000000419590      0xa98 networking/udhcp_multi/lib.a(dhcpd.o)
                0x0000000000419590                udhcpd_main
 .text.read_ip  0x000000000041a028       0x68 networking/udhcp_multi/lib.a(files.o)
 .text.read_str
                0x000000000041a090       0x6c networking/udhcp_multi/lib.a(files.o)
 .text.read_u32
                0x000000000041a0fc       0x58 networking/udhcp_multi/lib.a(files.o)
 .text.read_yn  0x000000000041a154       0x98 networking/udhcp_multi/lib.a(files.o)
 .text.find_option
                0x000000000041a1ec       0x60 networking/udhcp_multi/lib.a(files.o)
                0x000000000041a1ec                find_option
 .text.read_opt
                0x000000000041a24c      0x4e4 networking/udhcp_multi/lib.a(files.o)
 .text.read_staticlease
                0x000000000041a730       0xf8 networking/udhcp_multi/lib.a(files.o)
 .text.read_config
                0x000000000041a828      0x1f4 networking/udhcp_multi/lib.a(files.o)
                0x000000000041a828                read_config
 .text.write_leases
                0x000000000041aa1c      0x4b0 networking/udhcp_multi/lib.a(files.o)
                0x000000000041aa1c                write_leases
 .text.read_leases
                0x000000000041aecc      0x1a4 networking/udhcp_multi/lib.a(files.o)
                0x000000000041aecc                read_leases
 .text.clear_lease
                0x000000000041b070      0x160 networking/udhcp_multi/lib.a(leases.o)
                0x000000000041b070                clear_lease
 .text.add_lease
                0x000000000041b1d0      0x174 networking/udhcp_multi/lib.a(leases.o)
                0x000000000041b1d0                add_lease
 .text.lease_expired
                0x000000000041b344       0x7c networking/udhcp_multi/lib.a(leases.o)
                0x000000000041b344                lease_expired
 .text.find_lease_by_chaddr
                0x000000000041b3c0       0xb8 networking/udhcp_multi/lib.a(leases.o)
                0x000000000041b3c0                find_lease_by_chaddr
 .text.find_lease_by_yiaddr
                0x000000000041b478       0x60 networking/udhcp_multi/lib.a(leases.o)
                0x000000000041b478                find_lease_by_yiaddr
 .text.find_address
                0x000000000041b4d8      0x1c0 networking/udhcp_multi/lib.a(leases.o)
                0x000000000041b4d8                find_address
 .text.udhcp_get_option
                0x000000000041b698      0x164 networking/udhcp_multi/lib.a(options.o)
                0x000000000041b698                udhcp_get_option
 .text.udhcp_end_option
                0x000000000041b7fc       0x5c networking/udhcp_multi/lib.a(options.o)
                0x000000000041b7fc                udhcp_end_option
 .text.udhcp_add_option_string
                0x000000000041b858       0xc8 networking/udhcp_multi/lib.a(options.o)
                0x000000000041b858                udhcp_add_option_string
 .text.udhcp_add_simple_option
                0x000000000041b920       0xb0 networking/udhcp_multi/lib.a(options.o)
                0x000000000041b920                udhcp_add_simple_option
 .text.udhcp_init_header
                0x000000000041b9d0       0xb8 networking/udhcp_multi/lib.a(packet.o)
                0x000000000041b9d0                udhcp_init_header
 .text.udhcp_recv_kernel_packet
                0x000000000041ba88      0x12c networking/udhcp_multi/lib.a(packet.o)
                0x000000000041ba88                udhcp_recv_kernel_packet
 .text.udhcp_recv_kernel_packet_client
                0x000000000041bbb4      0x12c networking/udhcp_multi/lib.a(packet.o)
                0x000000000041bbb4                udhcp_recv_kernel_packet_client
 .text.udhcp_checksum
                0x000000000041bce0       0x70 networking/udhcp_multi/lib.a(packet.o)
                0x000000000041bce0                udhcp_checksum
 .text.udhcp_send_raw_packet
                0x000000000041bd50      0x2b8 networking/udhcp_multi/lib.a(packet.o)
                0x000000000041bd50                udhcp_send_raw_packet
 .text.udhcp_send_kernel_packet
                0x000000000041c008      0x1e8 networking/udhcp_multi/lib.a(packet.o)
                0x000000000041c008                udhcp_send_kernel_packet
 .text.sprintip
                0x000000000041c1f0       0x5c networking/udhcp_multi/lib.a(script.o)
 .text.udhcp_run_script
                0x000000000041c24c      0x870 networking/udhcp_multi/lib.a(script.o)
                0x000000000041c24c                udhcp_run_script
 .text.send_packet
                0x000000000041cabc      0x128 networking/udhcp_multi/lib.a(serverpacket.o)
 .text.init_packet
                0x000000000041cbe4       0xec networking/udhcp_multi/lib.a(serverpacket.o)
 .text.add_bootp_options
                0x000000000041ccd0       0x98 networking/udhcp_multi/lib.a(serverpacket.o)
 .text.send_offer
                0x000000000041cd68      0x400 networking/udhcp_multi/lib.a(serverpacket.o)
                0x000000000041cd68                send_offer
 .text.send_NAK
                0x000000000041d168       0x60 networking/udhcp_multi/lib.a(serverpacket.o)
                0x000000000041d168                send_NAK
 .text.send_ACK
                0x000000000041d1c8      0x254 networking/udhcp_multi/lib.a(serverpacket.o)
                0x000000000041d1c8                send_ACK
 .text.send_inform
                0x000000000041d41c       0xc8 networking/udhcp_multi/lib.a(serverpacket.o)
                0x000000000041d41c                send_inform
 .text.signal_handler
                0x000000000041d4e4       0x68 networking/udhcp_multi/lib.a(signalpipe.o)
 .text.udhcp_sp_setup
                0x000000000041d54c       0xa0 networking/udhcp_multi/lib.a(signalpipe.o)
                0x000000000041d54c                udhcp_sp_setup
 .text.udhcp_sp_fd_set
                0x000000000041d5ec       0xe8 networking/udhcp_multi/lib.a(signalpipe.o)
                0x000000000041d5ec                udhcp_sp_fd_set
 .text.udhcp_sp_read
                0x000000000041d6d4       0x84 networking/udhcp_multi/lib.a(signalpipe.o)
                0x000000000041d6d4                udhcp_sp_read
 .text.udhcp_read_interface
                0x000000000041d758      0x1a0 networking/udhcp_multi/lib.a(socket.o)
                0x000000000041d758                udhcp_read_interface
 .text.udhcp_listen_socket
                0x000000000041d8f8      0x164 networking/udhcp_multi/lib.a(socket.o)
                0x000000000041d8f8                udhcp_listen_socket
 .text.listen_socket_client
                0x000000000041da5c      0x164 networking/udhcp_multi/lib.a(socket.o)
                0x000000000041da5c                listen_socket_client
 .text.addStaticLease
                0x000000000041dbc0       0xa0 networking/udhcp_multi/lib.a(static_leases.o)
                0x000000000041dbc0                addStaticLease
 .text.getIpByMac
                0x000000000041dc60       0x88 networking/udhcp_multi/lib.a(static_leases.o)
                0x000000000041dc60                getIpByMac
 .text.reservedIp
                0x000000000041dce8       0x40 networking/udhcp_multi/lib.a(static_leases.o)
                0x000000000041dce8                reservedIp
 .text.arpping  0x000000000041dd28      0x2d8 networking/udhcp_multi/lib.a(arpping.o)
                0x000000000041dd28                arpping
 .text.random_xid
                0x000000000041e000       0x74 networking/udhcp_multi/lib.a(clientpacket.o)
                0x000000000041e000                random_xid
 .text.init_packet
                0x000000000041e074      0x124 networking/udhcp_multi/lib.a(clientpacket.o)
 .text.add_param_req_option
                0x000000000041e198       0xf8 networking/udhcp_multi/lib.a(clientpacket.o)
 .text.send_discover
                0x000000000041e290       0xe8 networking/udhcp_multi/lib.a(clientpacket.o)
                0x000000000041e290                send_discover
 .text.send_selecting
                0x000000000041e378      0x128 networking/udhcp_multi/lib.a(clientpacket.o)
                0x000000000041e378                send_selecting
 .text.send_renew
                0x000000000041e4a0      0x100 networking/udhcp_multi/lib.a(clientpacket.o)
                0x000000000041e4a0                send_renew
 .text.send_release
                0x000000000041e5a0       0xcc networking/udhcp_multi/lib.a(clientpacket.o)
                0x000000000041e5a0                send_release
 .text.udhcp_recv_raw_packet
                0x000000000041e66c      0x200 networking/udhcp_multi/lib.a(clientpacket.o)
                0x000000000041e66c                udhcp_recv_raw_packet
 .text.raw_socket
                0x000000000041e86c       0xb0 networking/udhcp_multi/lib.a(clientsocket.o)
                0x000000000041e86c                raw_socket
 .text.utt_getSysUpTime
                0x000000000041e91c       0x40 networking/udhcp_multi/lib.a(common.o)
                0x000000000041e91c                utt_getSysUpTime
 .text.free_main
                0x000000000041e95c      0x2c0 procps/lib.a(free.o)
                0x000000000041e95c                free_main
 .text.kill_main
                0x000000000041ec1c      0x44c procps/lib.a(kill.o)
                0x000000000041ec1c                kill_main
 .text.ps_main  0x000000000041f068      0x140 procps/lib.a(ps.o)
                0x000000000041f068                ps_main
 .text.uptime_main
                0x000000000041f1a8      0x224 procps/lib.a(uptime.o)
                0x000000000041f1a8                uptime_main
 .text.raise_exception
                0x000000000041f3cc       0x4c shell/lib.a(ash.o)
 .text.raise_interrupt
                0x000000000041f418       0xbc shell/lib.a(ash.o)
 .text.ignoresig
                0x000000000041f4d4       0x70 shell/lib.a(ash.o)
 .text.onsig    0x000000000041f544       0x88 shell/lib.a(ash.o)
 .text.outstr   0x000000000041f5cc       0xa4 shell/lib.a(ash.o)
 .text.flush_stdout_stderr
                0x000000000041f670       0xc4 shell/lib.a(ash.o)
 .text.flush_stderr
                0x000000000041f734       0xa8 shell/lib.a(ash.o)
 .text.outcslow
                0x000000000041f7dc       0xf8 shell/lib.a(ash.o)
 .text.out1fmt  0x000000000041f8d4       0xa4 shell/lib.a(ash.o)
 .text.fmtstr   0x000000000041f978       0xa4 shell/lib.a(ash.o)
 .text.out1str  0x000000000041fa1c       0x24 shell/lib.a(ash.o)
 .text.out2str  0x000000000041fa40       0x4c shell/lib.a(ash.o)
 .text.freefunc
                0x000000000041fa8c       0x38 shell/lib.a(ash.o)
 .text.ash_vmsg
                0x000000000041fac4      0x14c shell/lib.a(ash.o)
 .text.ash_vmsg_and_raise
                0x000000000041fc10       0x6c shell/lib.a(ash.o)
 .text.ash_msg_and_raise_error
                0x000000000041fc7c       0x3c shell/lib.a(ash.o)
 .text.ash_msg_and_raise
                0x000000000041fcb8       0x30 shell/lib.a(ash.o)
 .text.ash_msg  0x000000000041fce8       0x48 shell/lib.a(ash.o)
 .text.errmsg   0x000000000041fd30       0x38 shell/lib.a(ash.o)
 .text.ckrealloc
                0x000000000041fd68       0x58 shell/lib.a(ash.o)
 .text.ckmalloc
                0x000000000041fdc0       0x20 shell/lib.a(ash.o)
 .text.ckzalloc
                0x000000000041fde0       0x54 shell/lib.a(ash.o)
 .text.ckstrdup
                0x000000000041fe34       0x58 shell/lib.a(ash.o)
 .text.stalloc  0x000000000041fe8c      0x158 shell/lib.a(ash.o)
 .text.stzalloc
                0x000000000041ffe4       0x54 shell/lib.a(ash.o)
 .text.stunalloc
                0x0000000000420038       0x38 shell/lib.a(ash.o)
 .text.ststrdup
                0x0000000000420070       0x74 shell/lib.a(ash.o)
 .text.setstackmark
                0x00000000004200e4       0x44 shell/lib.a(ash.o)
 .text.popstackmark
                0x0000000000420128      0x138 shell/lib.a(ash.o)
 .text.growstackblock
                0x0000000000420260      0x1f8 shell/lib.a(ash.o)
 .text.growstackstr
                0x0000000000420458       0xac shell/lib.a(ash.o)
 .text.makestrspace
                0x0000000000420504       0xa0 shell/lib.a(ash.o)
 .text.stack_nputstr
                0x00000000004205a4       0x70 shell/lib.a(ash.o)
 .text.stack_putstr
                0x0000000000420614       0x5c shell/lib.a(ash.o)
 .text._STPUTC  0x0000000000420670       0x70 shell/lib.a(ash.o)
 .text.prefix   0x00000000004206e0       0x30 shell/lib.a(ash.o)
 .text.is_number
                0x0000000000420710       0x3c shell/lib.a(ash.o)
 .text.number   0x000000000042074c       0x6c shell/lib.a(ash.o)
 .text.single_quote
                0x00000000004207b8      0x150 shell/lib.a(ash.o)
 .text.nextopt  0x0000000000420908      0x178 shell/lib.a(ash.o)
 .text.freeparam
                0x0000000000420a80       0x98 shell/lib.a(ash.o)
 .text.getoptsreset
                0x0000000000420b18       0x54 shell/lib.a(ash.o)
 .text.endofname
                0x0000000000420b6c       0xb0 shell/lib.a(ash.o)
 .text.varcmp   0x0000000000420c1c       0x60 shell/lib.a(ash.o)
 .text.varequal
                0x0000000000420c7c       0x40 shell/lib.a(ash.o)
 .text.hashvar  0x0000000000420cbc       0xa0 shell/lib.a(ash.o)
 .text.vpcmp    0x0000000000420d5c       0x24 shell/lib.a(ash.o)
 .text.findvar  0x0000000000420d80       0x84 shell/lib.a(ash.o)
 .text.lookupvar
                0x0000000000420e04       0x9c shell/lib.a(ash.o)
 .text.bltinlookup
                0x0000000000420ea0       0xac shell/lib.a(ash.o)
 .text.setvareq
                0x0000000000420f4c      0x1f4 shell/lib.a(ash.o)
 .text.setvar   0x0000000000421140      0x1c4 shell/lib.a(ash.o)
 .text.setvarsafe
                0x0000000000421304       0xe8 shell/lib.a(ash.o)
 .text.unsetvar
                0x00000000004213ec      0x184 shell/lib.a(ash.o)
 .text.listsetvar
                0x0000000000421570       0xd8 shell/lib.a(ash.o)
 .text.listvars
                0x0000000000421648      0x16c shell/lib.a(ash.o)
 .text.padvance
                0x00000000004217b4      0x22c shell/lib.a(ash.o)
 .text.setprompt
                0x00000000004219e0       0x8c shell/lib.a(ash.o)
 .text.cdopt    0x0000000000421a6c       0x78 shell/lib.a(ash.o)
 .text.setpwd   0x0000000000421ae4      0x1ec shell/lib.a(ash.o)
 .text.cdcmd    0x0000000000421cd0      0x61c shell/lib.a(ash.o)
 .text.pwdcmd   0x00000000004222ec       0xa8 shell/lib.a(ash.o)
 .text.setsignal
                0x0000000000422394      0x224 shell/lib.a(ash.o)
 .text.set_curjob
                0x00000000004225b8       0x64 shell/lib.a(ash.o)
 .text.freejob  0x000000000042261c      0x150 shell/lib.a(ash.o)
 .text.dowait   0x000000000042276c      0x2cc shell/lib.a(ash.o)
 .text.getstatus
                0x0000000000422a38       0x38 shell/lib.a(ash.o)
 .text.waitcmd  0x0000000000422a70      0x38c shell/lib.a(ash.o)
 .text.makejob  0x0000000000422dfc      0x204 shell/lib.a(ash.o)
 .text.waitforjob
                0x0000000000423000       0xa0 shell/lib.a(ash.o)
 .text.stoppedjobs
                0x00000000004230a0       0xa0 shell/lib.a(ash.o)
 .text.copyfd   0x0000000000423140       0xb8 shell/lib.a(ash.o)
 .text.need_to_remember
                0x00000000004231f8       0x50 shell/lib.a(ash.o)
 .text.is_hidden_fd
                0x0000000000423248       0xa0 shell/lib.a(ash.o)
 .text.popredir
                0x00000000004232e8      0x1cc shell/lib.a(ash.o)
 .text.clearredir
                0x00000000004234b4       0x70 shell/lib.a(ash.o)
 .text.cvtnum   0x0000000000423524       0x88 shell/lib.a(ash.o)
 .text._rmescapes
                0x00000000004235ac      0x1f0 shell/lib.a(ash.o)
 .text.preglob  0x000000000042379c       0x2c shell/lib.a(ash.o)
 .text.memtodest
                0x00000000004237c8      0x110 shell/lib.a(ash.o)
 .text.recordregion
                0x00000000004238d8      0x104 shell/lib.a(ash.o)
 .text.removerecordregions
                0x00000000004239dc      0x278 shell/lib.a(ash.o)
 .text.scanleft
                0x0000000000423c54       0xdc shell/lib.a(ash.o)
 .text.scanright
                0x0000000000423d30      0x148 shell/lib.a(ash.o)
 .text.varunset
                0x0000000000423e78       0x8c shell/lib.a(ash.o)
 .text.addfname
                0x0000000000423f04       0x80 shell/lib.a(ash.o)
 .text.expmeta  0x0000000000423f84      0x410 shell/lib.a(ash.o)
 .text.msort    0x0000000000424394      0x128 shell/lib.a(ash.o)
 .text.tryexec  0x00000000004244bc      0x128 shell/lib.a(ash.o)
 .text.shellexec
                0x00000000004245e4      0x1d4 shell/lib.a(ash.o)
 .text.clearcmdentry
                0x00000000004247b8      0x16c shell/lib.a(ash.o)
 .text.cmdlookup
                0x0000000000424924      0x160 shell/lib.a(ash.o)
 .text.delete_cmd_entry
                0x0000000000424a84       0xfc shell/lib.a(ash.o)
 .text.changepath
                0x0000000000424b80      0x170 shell/lib.a(ash.o)
 .text.tokname  0x0000000000424cf0       0x8c shell/lib.a(ash.o)
 .text.pstrcmp  0x0000000000424d7c       0x20 shell/lib.a(ash.o)
 .text.findkwd  0x0000000000424d9c       0x50 shell/lib.a(ash.o)
 .text.sizenodelist
                0x0000000000424dec       0x68 shell/lib.a(ash.o)
 .text.calcsize
                0x0000000000424e54      0x1ac shell/lib.a(ash.o)
 .text.nodeckstrdup
                0x0000000000425000       0x88 shell/lib.a(ash.o)
 .text.copynodelist
                0x0000000000425088       0x8c shell/lib.a(ash.o)
 .text.copynode
                0x0000000000425114      0x208 shell/lib.a(ash.o)
 .text.optschanged
                0x000000000042531c       0xe8 shell/lib.a(ash.o)
 .text.localcmd
                0x0000000000425404      0x288 shell/lib.a(ash.o)
 .text.falsecmd
                0x000000000042568c        0x8 shell/lib.a(ash.o)
 .text.truecmd  0x0000000000425694        0x8 shell/lib.a(ash.o)
 .text.execcmd  0x000000000042569c       0x80 shell/lib.a(ash.o)
 .text.returncmd
                0x000000000042571c       0x68 shell/lib.a(ash.o)
 .text.find_builtin
                0x0000000000425784       0x50 shell/lib.a(ash.o)
 .text.isassignment
                0x00000000004257d4       0x60 shell/lib.a(ash.o)
 .text.bltincmd
                0x0000000000425834       0x20 shell/lib.a(ash.o)
 .text.evalbltin
                0x0000000000425854      0x144 shell/lib.a(ash.o)
 .text.goodname
                0x0000000000425998       0x44 shell/lib.a(ash.o)
 .text.breakcmd
                0x00000000004259dc       0xd4 shell/lib.a(ash.o)
 .text.popstring
                0x0000000000425ab0       0xd0 shell/lib.a(ash.o)
 .text.preadbuffer
                0x0000000000425b80      0x344 shell/lib.a(ash.o)
 .text.pgetc    0x0000000000425ec4       0x54 shell/lib.a(ash.o)
 .text.pgetc2   0x0000000000425f18       0x54 shell/lib.a(ash.o)
 .text.pungetc  0x0000000000425f6c       0x30 shell/lib.a(ash.o)
 .text.pushfile
                0x0000000000425f9c       0x94 shell/lib.a(ash.o)
 .text.popfile  0x0000000000426030      0x168 shell/lib.a(ash.o)
 .text.popallfiles
                0x0000000000426198       0x6c shell/lib.a(ash.o)
 .text.forkshell
                0x0000000000426204      0x3ec shell/lib.a(ash.o)
 .text.setinputfile
                0x00000000004265f0      0x1fc shell/lib.a(ash.o)
 .text.setinputstring
                0x00000000004267ec       0xf4 shell/lib.a(ash.o)
 .text.setparam
                0x00000000004268e0      0x100 shell/lib.a(ash.o)
 .text.options  0x00000000004269e0      0x3ec shell/lib.a(ash.o)
 .text.shiftcmd
                0x0000000000426dcc      0x190 shell/lib.a(ash.o)
 .text.showvars
                0x0000000000426f5c      0x13c shell/lib.a(ash.o)
 .text.setcmd   0x0000000000427098      0x144 shell/lib.a(ash.o)
 .text.getoptscmd
                0x00000000004271dc      0x4a0 shell/lib.a(ash.o)
 .text.raise_error_syntax
                0x000000000042767c       0x30 shell/lib.a(ash.o)
 .text.raise_error_unexpected_syntax
                0x00000000004276ac       0xb8 shell/lib.a(ash.o)
 .text.makename
                0x0000000000427764       0x5c shell/lib.a(ash.o)
 .text.fixredir
                0x00000000004277c0      0x100 shell/lib.a(ash.o)
 .text.xxreadtoken
                0x00000000004278c0      0x318 shell/lib.a(ash.o)
 .text.readtoken
                0x0000000000427bd8      0x12c shell/lib.a(ash.o)
 .text.parsefname
                0x0000000000427d04      0x224 shell/lib.a(ash.o)
 .text.peektoken
                0x0000000000427f28       0x60 shell/lib.a(ash.o)
 .text.list     0x0000000000427f88      0x2f8 shell/lib.a(ash.o)
 .text.readtoken1
                0x0000000000428280     0x16b8 shell/lib.a(ash.o)
 .text.parseheredoc
                0x0000000000429938      0x120 shell/lib.a(ash.o)
 .text.parse_command
                0x0000000000429a58      0xa84 shell/lib.a(ash.o)
 .text.pipeline
                0x000000000042a4dc      0x1a0 shell/lib.a(ash.o)
 .text.parsecmd
                0x000000000042a67c       0xc0 shell/lib.a(ash.o)
 .text.evalstring
                0x000000000042a73c      0x114 shell/lib.a(ash.o)
 .text.evaltree
                0x000000000042a850      0x5e4 shell/lib.a(ash.o)
 .text.argstr   0x000000000042ae34      0x868 shell/lib.a(ash.o)
 .text.expandarg
                0x000000000042b69c      0x6cc shell/lib.a(ash.o)
 .text.expredir
                0x000000000042bd68      0x10c shell/lib.a(ash.o)
 .text.redirect
                0x000000000042be74      0x7fc shell/lib.a(ash.o)
 .text.redirectsafe
                0x000000000042c670      0x10c shell/lib.a(ash.o)
 .text.evalsubshell
                0x000000000042c77c      0x1e4 shell/lib.a(ash.o)
 .text.subevalvar
                0x000000000042c960      0x7bc shell/lib.a(ash.o)
 .text.evalvar  0x000000000042d11c      0x934 shell/lib.a(ash.o)
 .text.evalcase
                0x000000000042da50      0x254 shell/lib.a(ash.o)
 .text.evalloop
                0x000000000042dca4      0x168 shell/lib.a(ash.o)
 .text.evalfor  0x000000000042de0c      0x1d4 shell/lib.a(ash.o)
 .text.evalfun  0x000000000042dfe0      0x3f8 shell/lib.a(ash.o)
 .text.evalcmd  0x000000000042e3d8      0x118 shell/lib.a(ash.o)
 .text.cmdloop  0x000000000042e4f0      0x194 shell/lib.a(ash.o)
 .text.dotcmd   0x000000000042e684      0x274 shell/lib.a(ash.o)
 .text.exitcmd  0x000000000042e8f8       0x98 shell/lib.a(ash.o)
 .text.find_command
                0x000000000042e990      0x644 shell/lib.a(ash.o)
 .text.typecmd  0x000000000042efd4      0x360 shell/lib.a(ash.o)
 .text.hashcmd  0x000000000042f334      0x27c shell/lib.a(ash.o)
 .text.evalpipe
                0x000000000042f5b0      0x368 shell/lib.a(ash.o)
 .text.evalcommand
                0x000000000042f918      0x744 shell/lib.a(ash.o)
 .text.trapcmd  0x000000000043005c      0x268 shell/lib.a(ash.o)
 .text.helpcmd  0x00000000004302c4       0xe8 shell/lib.a(ash.o)
 .text.exportcmd
                0x00000000004303ac      0x178 shell/lib.a(ash.o)
 .text.unsetcmd
                0x0000000000430524      0x124 shell/lib.a(ash.o)
 .text.timescmd
                0x0000000000430648      0x130 shell/lib.a(ash.o)
 .text.readcmd  0x0000000000430778      0x428 shell/lib.a(ash.o)
 .text.umaskcmd
                0x0000000000430ba0      0x2dc shell/lib.a(ash.o)
 .text.printlim
                0x0000000000430e7c       0x64 shell/lib.a(ash.o)
 .text.ulimitcmd
                0x0000000000430ee0      0x30c shell/lib.a(ash.o)
 .text.exitshell
                0x00000000004311ec       0xd8 shell/lib.a(ash.o)
 .text.read_profile
                0x00000000004312c4       0x9c shell/lib.a(ash.o)
 .text.ash_main
                0x0000000000431360      0x8f0 shell/lib.a(ash.o)
                0x0000000000431360                ash_main
 .text.klogd_signal
                0x0000000000431c50       0x64 sysklogd/lib.a(klogd.o)
 .text.klogd_main
                0x0000000000431cb4      0x248 sysklogd/lib.a(klogd.o)
                0x0000000000431cb4                klogd_main
 .text.error_exit
                0x0000000000431efc       0x4c sysklogd/lib.a(logread.o)
 .text.sem_up   0x0000000000431f48       0x60 sysklogd/lib.a(logread.o)
 .text.interrupted
                0x0000000000431fa8       0x5c sysklogd/lib.a(logread.o)
 .text.logread_main
                0x0000000000432004      0x3b0 sysklogd/lib.a(logread.o)
                0x0000000000432004                logread_main
 .text.timestamp_and_log
                0x00000000004323b4      0x47c sysklogd/lib.a(syslogd_and_logger.o)
 .text.quit_signal
                0x0000000000432830      0x110 sysklogd/lib.a(syslogd_and_logger.o)
 .text.create_socket
                0x0000000000432940      0x148 sysklogd/lib.a(syslogd_and_logger.o)
 .text.syslogd_main
                0x0000000000432a88      0x660 sysklogd/lib.a(syslogd_and_logger.o)
                0x0000000000432a88                syslogd_main
 .text.decode   0x00000000004330e8       0xa8 sysklogd/lib.a(syslogd_and_logger.o)
 .text.logger_main
                0x0000000000433190      0x310 sysklogd/lib.a(syslogd_and_logger.o)
                0x0000000000433190                logger_main
 .text.close_dev_fd
                0x00000000004334a0       0x44 util-linux/lib.a(fdisk.o)
 .text.read_line
                0x00000000004334e4       0xe4 util-linux/lib.a(fdisk.o)
 .text.str_units
                0x00000000004335c8       0x6c util-linux/lib.a(fdisk.o)
 .text.valid_part_table_flag
                0x0000000000433634       0x2c util-linux/lib.a(fdisk.o)
 .text.read_nonempty
                0x0000000000433660       0x64 util-linux/lib.a(fdisk.o)
 .text.read_maybe_empty
                0x00000000004336c4       0x6c util-linux/lib.a(fdisk.o)
 .text.fdisk_fatal
                0x0000000000433730       0x78 util-linux/lib.a(fdisk.o)
 .text.seek_sector
                0x00000000004337a8       0xb4 util-linux/lib.a(fdisk.o)
 .text.write_sector
                0x000000000043385c       0x5c util-linux/lib.a(fdisk.o)
 .text.store4_little_endian
                0x00000000004338b8       0x20 util-linux/lib.a(fdisk.o)
 .text.read4_little_endian
                0x00000000004338d8       0x2c util-linux/lib.a(fdisk.o)
 .text.set_start_sect
                0x0000000000433904       0x20 util-linux/lib.a(fdisk.o)
 .text.get_start_sect
                0x0000000000433924       0x20 util-linux/lib.a(fdisk.o)
 .text.set_nr_sects
                0x0000000000433944       0x20 util-linux/lib.a(fdisk.o)
 .text.get_nr_sects
                0x0000000000433964       0x20 util-linux/lib.a(fdisk.o)
 .text.get_partition_start
                0x0000000000433984       0x50 util-linux/lib.a(fdisk.o)
 .text.menu     0x00000000004339d4      0x1b4 util-linux/lib.a(fdisk.o)
 .text.get_sys_types
                0x0000000000433b88       0x18 util-linux/lib.a(fdisk.o)
 .text.partition_type
                0x0000000000433ba0       0x84 util-linux/lib.a(fdisk.o)
 .text.list_types
                0x0000000000433c24      0x15c util-linux/lib.a(fdisk.o)
 .text.is_cleared_partition
                0x0000000000433d80      0x108 util-linux/lib.a(fdisk.o)
 .text.clear_partition
                0x0000000000433e88       0x2c util-linux/lib.a(fdisk.o)
 .text.set_partition
                0x0000000000433eb4      0x340 util-linux/lib.a(fdisk.o)
 .text.warn_geometry
                0x00000000004341f4      0x124 util-linux/lib.a(fdisk.o)
 .text.update_units
                0x0000000000434318       0x58 util-linux/lib.a(fdisk.o)
 .text.read_int
                0x0000000000434370      0x424 util-linux/lib.a(fdisk.o)
 .text.get_partition
                0x0000000000434794       0xb0 util-linux/lib.a(fdisk.o)
 .text.get_existing_partition
                0x0000000000434844      0x138 util-linux/lib.a(fdisk.o)
 .text.get_nonexisting_partition
                0x000000000043497c      0x138 util-linux/lib.a(fdisk.o)
 .text.delete_partition
                0x0000000000434ab4      0x36c util-linux/lib.a(fdisk.o)
 .text.get_boot
                0x0000000000434e20      0xad8 util-linux/lib.a(fdisk.o)
 .text.create_doslabel
                0x00000000004358f8       0xc4 util-linux/lib.a(fdisk.o)
 .text.linear2chs
                0x00000000004359bc       0xa0 util-linux/lib.a(fdisk.o)
 .text.check_consistency
                0x0000000000435a5c      0x304 util-linux/lib.a(fdisk.o)
 .text.list_disk_geometry
                0x0000000000435d60      0x1ec util-linux/lib.a(fdisk.o)
 .text.list_table
                0x0000000000435f4c      0x678 util-linux/lib.a(fdisk.o)
 .text.fill_bounds
                0x00000000004365c4      0x164 util-linux/lib.a(fdisk.o)
 .text.add_partition
                0x0000000000436728      0xd70 util-linux/lib.a(fdisk.o)
 .text.add_logical
                0x0000000000437498       0xf0 util-linux/lib.a(fdisk.o)
 .text.reread_partition_table
                0x0000000000437588       0x9c util-linux/lib.a(fdisk.o)
 .text.write_table
                0x0000000000437624      0x12c util-linux/lib.a(fdisk.o)
 .text.open_list_and_close
                0x0000000000437750      0x2c0 util-linux/lib.a(fdisk.o)
 .text.unknown_command
                0x0000000000437a10       0x24 util-linux/lib.a(fdisk.o)
 .text.fdisk_main
                0x0000000000437a34     0x1bf0 util-linux/lib.a(fdisk.o)
                0x0000000000437a34                fdisk_main
 .text.make_device
                0x0000000000439624      0x52c util-linux/lib.a(mdev.o)
 .text.fileAction
                0x0000000000439b50       0xbc util-linux/lib.a(mdev.o)
 .text.dirAction
                0x0000000000439c0c       0x10 util-linux/lib.a(mdev.o)
 .text.mdev_main
                0x0000000000439c1c      0x370 util-linux/lib.a(mdev.o)
                0x0000000000439c1c                mdev_main
 .text.append_mount_options
                0x0000000000439f8c      0x19c util-linux/lib.a(mount.o)
 .text.parse_mount_options
                0x000000000043a128      0x1ac util-linux/lib.a(mount.o)
 .text.mount_it_now
                0x000000000043a2d4      0x118 util-linux/lib.a(mount.o)
 .text.singlemount
                0x000000000043a3ec      0x32c util-linux/lib.a(mount.o)
 .text.mount_main
                0x000000000043a718      0x5b4 util-linux/lib.a(mount.o)
                0x000000000043a718                mount_main
 .text.umount_main
                0x000000000043accc      0x3b8 util-linux/lib.a(umount.o)
                0x000000000043accc                umount_main
 .text.basename_main
                0x000000000043b084      0x114 coreutils/lib.a(basename.o)
                0x000000000043b084                basename_main
 .text.bb_cat   0x000000000043b198       0xc4 coreutils/lib.a(cat.o)
                0x000000000043b198                bb_cat
 .text.cat_main
                0x000000000043b25c       0x60 coreutils/lib.a(cat.o)
                0x000000000043b25c                cat_main
 .text.fileAction
                0x000000000043b2bc       0xf4 coreutils/lib.a(chmod.o)
 .text.chmod_main
                0x000000000043b3b0      0x158 coreutils/lib.a(chmod.o)
                0x000000000043b3b0                chmod_main
 .text.cp_main  0x000000000043b508      0x1dc coreutils/lib.a(cp.o)
                0x000000000043b508                cp_main
 .text.maybe_set_utc
                0x000000000043b6e4       0x34 coreutils/lib.a(date.o)
 .text.date_main
                0x000000000043b718      0x6fc coreutils/lib.a(date.o)
                0x000000000043b718                date_main
 .text.full_write_or_warn
                0x000000000043be14       0x7c coreutils/lib.a(dd.o)
 .text.write_and_stats
                0x000000000043be90       0x8c coreutils/lib.a(dd.o)
 .text.dd_main  0x000000000043bf1c      0x6f4 coreutils/lib.a(dd.o)
                0x000000000043bf1c                dd_main
 .text.echo_main
                0x000000000043c610      0x248 coreutils/lib.a(echo.o)
                0x000000000043c610                echo_main
 .text.int_value
                0x000000000043c858       0x44 coreutils/lib.a(expr.o)
 .text.str_value
                0x000000000043c89c       0x6c coreutils/lib.a(expr.o)
 .text.freev    0x000000000043c908       0x5c coreutils/lib.a(expr.o)
 .text.null     0x000000000043c964       0x50 coreutils/lib.a(expr.o)
 .text.tostring
                0x000000000043c9b4       0x60 coreutils/lib.a(expr.o)
 .text.toarith  0x000000000043ca14       0xa0 coreutils/lib.a(expr.o)
 .text.nextarg  0x000000000043cab4       0x78 coreutils/lib.a(expr.o)
 .text.arithmetic_common
                0x000000000043cb2c      0x11c coreutils/lib.a(expr.o)
 .text.docolon  0x000000000043cc48      0x1bc coreutils/lib.a(expr.o)
 .text.eval1    0x000000000043ce04      0x150 coreutils/lib.a(expr.o)
 .text.eval     0x000000000043cf54       0xfc coreutils/lib.a(expr.o)
 .text.eval6    0x000000000043d050      0x504 coreutils/lib.a(expr.o)
 .text.eval5    0x000000000043d554       0xfc coreutils/lib.a(expr.o)
 .text.eval4    0x000000000043d650      0x150 coreutils/lib.a(expr.o)
 .text.eval3    0x000000000043d7a0      0x134 coreutils/lib.a(expr.o)
 .text.eval2    0x000000000043d8d4      0x2a0 coreutils/lib.a(expr.o)
 .text.expr_main
                0x000000000043db74       0xf0 coreutils/lib.a(expr.o)
                0x000000000043db74                expr_main
 .text.head_main
                0x000000000043dc64      0x29c coreutils/lib.a(head.o)
                0x000000000043dc64                head_main
 .text.printf_full
                0x000000000043df00       0x6c coreutils/lib.a(id.o)
 .text.id_main  0x000000000043df6c      0x2a0 coreutils/lib.a(id.o)
                0x000000000043df6c                id_main
 .text.my_stat  0x000000000043e20c       0xf8 coreutils/lib.a(ls.o)
 .text.count_dirs
                0x000000000043e304       0x90 coreutils/lib.a(ls.o)
 .text.dnalloc  0x000000000043e394       0x2c coreutils/lib.a(ls.o)
 .text.splitdnarray
                0x000000000043e3c0      0x168 coreutils/lib.a(ls.o)
 .text.showfiles
                0x000000000043e528      0x57c coreutils/lib.a(ls.o)
 .text.showdirs
                0x000000000043eaa4      0x2d8 coreutils/lib.a(ls.o)
 .text.ls_main  0x000000000043ed7c      0x3e8 coreutils/lib.a(ls.o)
                0x000000000043ed7c                ls_main
 .text.mkdir_main
                0x000000000043f164      0x138 coreutils/lib.a(mkdir.o)
                0x000000000043f164                mkdir_main
 .text.mknod_main
                0x000000000043f29c      0x194 coreutils/lib.a(mknod.o)
                0x000000000043f29c                mknod_main
 .text.mv_main  0x000000000043f430      0x358 coreutils/lib.a(mv.o)
                0x000000000043f430                mv_main
 .text.nice_main
                0x000000000043f788      0x174 coreutils/lib.a(nice.o)
                0x000000000043f788                nice_main
 .text.multiconvert
                0x000000000043f8fc       0xc8 coreutils/lib.a(printf.o)
 .text.conv_strtoul
                0x000000000043f9c4       0x48 coreutils/lib.a(printf.o)
 .text.conv_strtol
                0x000000000043fa0c       0x48 coreutils/lib.a(printf.o)
 .text.conv_strtod
                0x000000000043fa54       0x70 coreutils/lib.a(printf.o)
 .text.print_direc
                0x000000000043fac4      0x2d8 coreutils/lib.a(printf.o)
 .text.get_width_prec
                0x000000000043fd9c       0x7c coreutils/lib.a(printf.o)
 .text.printf_main
                0x000000000043fe18      0x4c4 coreutils/lib.a(printf.o)
                0x000000000043fe18                printf_main
 .text.pwd_main
                0x00000000004402dc       0x94 coreutils/lib.a(pwd.o)
                0x00000000004402dc                pwd_main
 .text.rm_main  0x0000000000440370      0x188 coreutils/lib.a(rm.o)
                0x0000000000440370                rm_main
 .text.sleep_main
                0x00000000004404f8       0x6c coreutils/lib.a(sleep.o)
                0x00000000004404f8                sleep_main
 .text.compare_keys
                0x0000000000440564      0x120 coreutils/lib.a(sort.o)
 .text.sort_main
                0x0000000000440684      0x2ac coreutils/lib.a(sort.o)
                0x0000000000440684                sort_main
 .text.sync_main
                0x0000000000440930       0x54 coreutils/lib.a(sync.o)
                0x0000000000440930                sync_main
 .text.syntax   0x0000000000440984       0x80 coreutils/lib.a(test.o)
 .text.getn     0x0000000000440a04       0xbc coreutils/lib.a(test.o)
 .text.check_operator
                0x0000000000440ac0       0xbc coreutils/lib.a(test.o)
 .text.binop    0x0000000000440b7c      0x288 coreutils/lib.a(test.o)
 .text.nexpr    0x0000000000440e04      0x61c coreutils/lib.a(test.o)
 .text.aexpr    0x0000000000441420       0xfc coreutils/lib.a(test.o)
 .text.oexpr    0x000000000044151c      0x100 coreutils/lib.a(test.o)
 .text.test_main
                0x000000000044161c      0x200 coreutils/lib.a(test.o)
                0x000000000044161c                test_main
 .text.touch_main
                0x000000000044181c      0x138 coreutils/lib.a(touch.o)
                0x000000000044181c                touch_main
 .text.uname_main
                0x0000000000441954      0x15c coreutils/lib.a(uname.o)
                0x0000000000441954                uname_main
 .text.wc_main  0x0000000000441ab0      0x3bc coreutils/lib.a(wc.o)
                0x0000000000441ab0                wc_main
 .text.cp_mv_stat2
                0x0000000000441e6c       0xa8 coreutils/libcoreutils/lib.a(cp_mv_stat.o)
                0x0000000000441e6c                cp_mv_stat2
 .text.cp_mv_stat
                0x0000000000441f14       0x1c coreutils/libcoreutils/lib.a(cp_mv_stat.o)
                0x0000000000441f14                cp_mv_stat
 .text.getopt_mk_fifo_nod
                0x0000000000441f30       0x8c coreutils/libcoreutils/lib.a(getopt_mk_fifo_nod.o)
                0x0000000000441f30                getopt_mk_fifo_nod
 .text.zero_out_var
                0x0000000000441fbc       0x1c editors/lib.a(awk.o)
 .text.syntax_error
                0x0000000000441fd8       0x3c editors/lib.a(awk.o)
 .text.hashidx  0x0000000000442014       0x30 editors/lib.a(awk.o)
 .text.hash_init
                0x0000000000442044       0x64 editors/lib.a(awk.o)
 .text.hash_search
                0x00000000004420a8       0xb0 editors/lib.a(awk.o)
 .text.hash_find
                0x0000000000442158      0x234 editors/lib.a(awk.o)
 .text.hash_remove
                0x000000000044238c      0x124 editors/lib.a(awk.o)
 .text.skip_spaces
                0x00000000004424b0       0x84 editors/lib.a(awk.o)
 .text.nextword
                0x0000000000442534       0x24 editors/lib.a(awk.o)
 .text.nextchar
                0x0000000000442558       0x88 editors/lib.a(awk.o)
 .text.iamarray
                0x00000000004425e0       0x8c editors/lib.a(awk.o)
 .text.clear_array
                0x000000000044266c       0xd4 editors/lib.a(awk.o)
 .text.clrvar   0x0000000000442740       0x70 editors/lib.a(awk.o)
 .text.getvar_i
                0x00000000004427b0       0xf4 editors/lib.a(awk.o)
 .text.is_numeric
                0x00000000004428a4       0x50 editors/lib.a(awk.o)
 .text.istrue   0x00000000004428f4       0xa0 editors/lib.a(awk.o)
 .text.nvalloc  0x0000000000442994      0x180 editors/lib.a(awk.o)
 .text.nvfree   0x0000000000442b14      0x1cc editors/lib.a(awk.o)
 .text.next_token
                0x0000000000442ce0      0x620 editors/lib.a(awk.o)
 .text.rollback_token
                0x0000000000443300       0x24 editors/lib.a(awk.o)
 .text.new_node
                0x0000000000443324       0x54 editors/lib.a(awk.o)
 .text.mk_re_node
                0x0000000000443378       0x8c editors/lib.a(awk.o)
 .text.chain_node
                0x0000000000443404      0x104 editors/lib.a(awk.o)
 .text.mk_splitter
                0x0000000000443508       0xec editors/lib.a(awk.o)
 .text.qrealloc
                0x00000000004435f4       0x78 editors/lib.a(awk.o)
 .text.fsrealloc
                0x000000000044366c      0x148 editors/lib.a(awk.o)
 .text.nextarg  0x00000000004437b4       0x4c editors/lib.a(awk.o)
 .text.fmt_num  0x0000000000443800      0x1a0 editors/lib.a(awk.o)
 .text.getvar_s
                0x00000000004439a0       0xe8 editors/lib.a(awk.o)
 .text.handle_special
                0x0000000000443a88      0x3a4 editors/lib.a(awk.o)
 .text.setvar_p
                0x0000000000443e2c       0x6c editors/lib.a(awk.o)
 .text.setvar_s
                0x0000000000443e98       0x6c editors/lib.a(awk.o)
 .text.setvar_u
                0x0000000000443f04       0x54 editors/lib.a(awk.o)
 .text.setari_u
                0x0000000000443f58       0xb0 editors/lib.a(awk.o)
 .text.setvar_i
                0x0000000000444008       0x84 editors/lib.a(awk.o)
 .text.parse_expr
                0x000000000044408c      0x4dc editors/lib.a(awk.o)
 .text.condition
                0x0000000000444568       0x48 editors/lib.a(awk.o)
 .text.chain_expr
                0x00000000004445b0       0xa4 editors/lib.a(awk.o)
 .text.chain_group
                0x0000000000444654      0x5b0 editors/lib.a(awk.o)
 .text.parse_program
                0x0000000000444c04      0x2d4 editors/lib.a(awk.o)
 .text.chain_loop
                0x0000000000444ed8      0x120 editors/lib.a(awk.o)
 .text.awk_getline
                0x0000000000444ff8      0x3dc editors/lib.a(awk.o)
 .text.incvar   0x00000000004453d4       0x68 editors/lib.a(awk.o)
 .text.copyvar  0x000000000044543c       0xbc editors/lib.a(awk.o)
 .text.awk_split
                0x00000000004454f8      0x394 editors/lib.a(awk.o)
 .text.split_f0
                0x000000000044588c      0x17c editors/lib.a(awk.o)
 .text.is_assignment
                0x0000000000445a08      0x154 editors/lib.a(awk.o)
 .text.next_input_file
                0x0000000000445b5c      0x210 editors/lib.a(awk.o)
 .text.evaluate
                0x0000000000445d6c     0x2dec editors/lib.a(awk.o)
 .text.as_regex
                0x0000000000448b58      0x130 editors/lib.a(awk.o)
 .text.awk_sub  0x0000000000448c88      0x3b8 editors/lib.a(awk.o)
 .text.awk_printf
                0x0000000000449040      0x494 editors/lib.a(awk.o)
 .text.ptest    0x00000000004494d4       0x4c editors/lib.a(awk.o)
 .text.awk_exit
                0x0000000000449520      0x134 editors/lib.a(awk.o)
 .text.awk_main
                0x0000000000449654      0x7b0 editors/lib.a(awk.o)
                0x0000000000449654                awk_main
 .text.cleanup_outname
                0x0000000000449e04       0x34 editors/lib.a(sed.o)
 .text.parse_escapes
                0x0000000000449e38       0x98 editors/lib.a(sed.o)
 .text.copy_parsing_escapes
                0x0000000000449ed0       0xc0 editors/lib.a(sed.o)
 .text.index_of_next_unescaped_regexp_delim
                0x0000000000449f90      0x104 editors/lib.a(sed.o)
 .text.parse_regex_delim
                0x000000000044a094      0x110 editors/lib.a(sed.o)
 .text.get_address
                0x000000000044a1a4      0x174 editors/lib.a(sed.o)
 .text.parse_file_cmd
                0x000000000044a318      0x134 editors/lib.a(sed.o)
 .text.add_cmd  0x000000000044a44c      0x8d4 editors/lib.a(sed.o)
 .text.pipe_putc
                0x000000000044ad20       0x88 editors/lib.a(sed.o)
 .text.append   0x000000000044ada8       0x48 editors/lib.a(sed.o)
 .text.flush_append
                0x000000000044adf0       0x98 editors/lib.a(sed.o)
 .text.add_input_file
                0x000000000044ae88       0x70 editors/lib.a(sed.o)
 .text.get_next_line
                0x000000000044aef8      0x1ac editors/lib.a(sed.o)
 .text.puts_maybe_newline
                0x000000000044b0a4      0x1e4 editors/lib.a(sed.o)
 .text.process_files
                0x000000000044b288      0xe70 editors/lib.a(sed.o)
 .text.add_cmd_block
                0x000000000044c0f8      0x114 editors/lib.a(sed.o)
 .text.sed_main
                0x000000000044c20c      0x558 editors/lib.a(sed.o)
                0x000000000044c20c                sed_main
 .text.write1   0x000000000044c764       0x20 editors/lib.a(vi.o)
 .text.clear_to_eol
                0x000000000044c784       0x24 editors/lib.a(vi.o)
 .text.standout_start
                0x000000000044c7a8       0x24 editors/lib.a(vi.o)
 .text.standout_end
                0x000000000044c7cc       0x24 editors/lib.a(vi.o)
 .text.next_tabstop
                0x000000000044c7f0       0x48 editors/lib.a(vi.o)
 .text.begin_line
                0x000000000044c838       0x74 editors/lib.a(vi.o)
 .text.prev_line
                0x000000000044c8ac       0x80 editors/lib.a(vi.o)
 .text.end_line
                0x000000000044c92c       0x74 editors/lib.a(vi.o)
 .text.count_lines
                0x000000000044c9a0       0xe8 editors/lib.a(vi.o)
 .text.next_line
                0x000000000044ca88       0x80 editors/lib.a(vi.o)
 .text.end_screen
                0x000000000044cb08       0x94 editors/lib.a(vi.o)
 .text.find_line
                0x000000000044cb9c       0x74 editors/lib.a(vi.o)
 .text.dot_left
                0x000000000044cc10       0x50 editors/lib.a(vi.o)
 .text.dot_right
                0x000000000044cc60       0x50 editors/lib.a(vi.o)
 .text.dot_begin
                0x000000000044ccb0       0x50 editors/lib.a(vi.o)
 .text.dot_end  0x000000000044cd00       0x50 editors/lib.a(vi.o)
 .text.move_to_col
                0x000000000044cd50       0xe8 editors/lib.a(vi.o)
 .text.dot_next
                0x000000000044ce38       0x50 editors/lib.a(vi.o)
 .text.dot_prev
                0x000000000044ce88       0x50 editors/lib.a(vi.o)
 .text.dot_skip_over_ws
                0x000000000044ced8       0x98 editors/lib.a(vi.o)
 .text.dot_scroll
                0x000000000044cf70      0x11c editors/lib.a(vi.o)
 .text.mycmp    0x000000000044d08c       0x3c editors/lib.a(vi.o)
 .text.char_search
                0x000000000044d0c8      0x174 editors/lib.a(vi.o)
 .text.skip_thing
                0x000000000044d23c      0x200 editors/lib.a(vi.o)
 .text.text_hole_delete
                0x000000000044d43c      0x10c editors/lib.a(vi.o)
 .text.screen_erase
                0x000000000044d548       0x2c editors/lib.a(vi.o)
 .text.text_hole_make
                0x000000000044d574      0x120 editors/lib.a(vi.o)
 .text.stupid_insert
                0x000000000044d694       0x4c editors/lib.a(vi.o)
 .text.yank_delete
                0x000000000044d6e0       0xc8 editors/lib.a(vi.o)
 .text.cookmode
                0x000000000044d7a8       0x54 editors/lib.a(vi.o)
 .text.mysleep  0x000000000044d7fc       0x54 editors/lib.a(vi.o)
 .text.place_cursor
                0x000000000044d850       0xb4 editors/lib.a(vi.o)
 .text.get_one_char
                0x000000000044d904      0x280 editors/lib.a(vi.o)
 .text.clear_to_eos
                0x000000000044db84       0x24 editors/lib.a(vi.o)
 .text.status_line_bold
                0x000000000044dba8       0xac editors/lib.a(vi.o)
 .text.file_write
                0x000000000044dc54       0xf8 editors/lib.a(vi.o)
 .text.status_line
                0x000000000044dd4c       0x60 editors/lib.a(vi.o)
 .text.not_implemented
                0x000000000044ddac      0x188 editors/lib.a(vi.o)
 .text.refresh  0x000000000044df34      0x720 editors/lib.a(vi.o)
 .text.char_insert
                0x000000000044e654      0x1a8 editors/lib.a(vi.o)
 .text.redraw   0x000000000044e7fc       0xa8 editors/lib.a(vi.o)
 .text.Indicate_Error
                0x000000000044e8a4       0xd8 editors/lib.a(vi.o)
 .text.show_status_line
                0x000000000044e97c      0x3b4 editors/lib.a(vi.o)
 .text.get_input_line
                0x000000000044ed30      0x1c0 editors/lib.a(vi.o)
 .text.do_cmd   0x000000000044eef0     0x2188 editors/lib.a(vi.o)
 .text.edit_file
                0x0000000000451078      0x5cc editors/lib.a(vi.o)
 .text.vi_main  0x0000000000451644      0x154 editors/lib.a(vi.o)
                0x0000000000451644                vi_main
 .text.find_range
                0x0000000000451798      0x458 editors/lib.a(vi.o)
 .text.print_line
                0x0000000000451bf0       0xe4 findutils/lib.a(grep.o)
 .text.grep_file
                0x0000000000451cd4      0x38c findutils/lib.a(grep.o)
 .text.add_grep_list_data
                0x0000000000452060       0x44 findutils/lib.a(grep.o)
 .text.file_action_grep
                0x00000000004520a4       0xe0 findutils/lib.a(grep.o)
 .text.grep_main
                0x0000000000452184      0x4a0 findutils/lib.a(grep.o)
                0x0000000000452184                grep_main
 .text.halt_main
                0x0000000000452624      0x190 init/lib.a(halt.o)
                0x0000000000452624                halt_main
 .text.waitfor  0x00000000004527b4       0x50 init/lib.a(init.o)
 .text.loop_forever
                0x0000000000452804       0x34 init/lib.a(init.o)
 .text.message  0x0000000000452838      0x178 init/lib.a(init.o)
 .text.set_sane_term
                0x00000000004529b0       0xc0 init/lib.a(init.o)
 .text.init_exec
                0x0000000000452a70      0x184 init/lib.a(init.o)
 .text.delete_init_action
                0x0000000000452bf4       0x6c init/lib.a(init.o)
 .text.init_reboot
                0x0000000000452c60       0x84 init/lib.a(init.o)
 .text.halt_reboot_pwoff
                0x0000000000452ce4      0x1f4 init/lib.a(init.o)
 .text.open_stdio_to_tty
                0x0000000000452ed8      0x120 init/lib.a(init.o)
 .text.run      0x0000000000452ff8      0x214 init/lib.a(init.o)
 .text.run_actions
                0x000000000045320c      0x134 init/lib.a(init.o)
 .text.kill_all_processes
                0x0000000000453340      0x15c init/lib.a(init.o)
 .text.exec_restart_action
                0x000000000045349c      0x114 init/lib.a(init.o)
 .text.ctrlaltdel_signal
                0x00000000004535b0       0x20 init/lib.a(init.o)
 .text.stop_handler
                0x00000000004535d0       0x7c init/lib.a(init.o)
 .text.cont_handler
                0x000000000045364c       0x1c init/lib.a(init.o)
 .text.new_init_action
                0x0000000000453668      0x138 init/lib.a(init.o)
 .text.parse_inittab
                0x00000000004537a0      0x290 init/lib.a(init.o)
 .text.reload_signal
                0x0000000000453a30       0xe4 init/lib.a(init.o)
 .text.init_main
                0x0000000000453b14      0x5b8 init/lib.a(init.o)
                0x0000000000453b14                init_main
 .text.bb_ask_confirmation
                0x00000000004540cc      0x104 libbb/lib.a(ask_confirmation.o)
                0x00000000004540cc                bb_ask_confirmation
 .text.askpass_timeout
                0x00000000004541d0        0x8 libbb/lib.a(bb_askpass.o)
 .text.bb_askpass
                0x00000000004541d8      0x2e8 libbb/lib.a(bb_askpass.o)
                0x00000000004541d8                bb_askpass
 .text.bb_do_delay
                0x00000000004544c0       0xa4 libbb/lib.a(bb_do_delay.o)
                0x00000000004544c0                bb_do_delay
 .text.bb_getug
                0x0000000000454564       0xac libbb/lib.a(bb_pwd.o)
 .text.bb_getpwuid
                0x0000000000454610       0x88 libbb/lib.a(bb_pwd.o)
                0x0000000000454610                bb_getpwuid
 .text.bb_getgrgid
                0x0000000000454698       0x88 libbb/lib.a(bb_pwd.o)
                0x0000000000454698                bb_getgrgid
 .text.xgroup2gid
                0x0000000000454720       0x60 libbb/lib.a(bb_pwd.o)
                0x0000000000454720                xgroup2gid
 .text.xuname2uid
                0x0000000000454780       0x60 libbb/lib.a(bb_pwd.o)
                0x0000000000454780                xuname2uid
 .text.change_identity
                0x00000000004547e0       0x98 libbb/lib.a(change_identity.o)
                0x00000000004547e0                change_identity
 .text.index_in_strings
                0x0000000000454878       0x9c libbb/lib.a(compare_string_array.o)
                0x0000000000454878                index_in_strings
 .text.index_in_substrings
                0x0000000000454914       0xc4 libbb/lib.a(compare_string_array.o)
                0x0000000000454914                index_in_substrings
 .text.nth_string
                0x00000000004549d8       0x68 libbb/lib.a(compare_string_array.o)
                0x00000000004549d8                nth_string
 .text.concat_path_file
                0x0000000000454a40       0xc0 libbb/lib.a(concat_path_file.o)
                0x0000000000454a40                concat_path_file
 .text.ask_and_unlink
                0x0000000000454b00       0xf0 libbb/lib.a(copy_file.o)
 .text.copy_file
                0x0000000000454bf0      0x8b0 libbb/lib.a(copy_file.o)
                0x0000000000454bf0                copy_file
 .text.correct_password
                0x00000000004554a0      0x104 libbb/lib.a(correct_password.o)
                0x00000000004554a0                correct_password
 .text.create_icmp_socket
                0x00000000004555a4       0xbc libbb/lib.a(create_icmp_socket.o)
                0x00000000004555a4                create_icmp_socket
 .text.i64c     0x0000000000455660       0x3c libbb/lib.a(crypt_make_salt.o)
 .text.crypt_make_salt
                0x000000000045569c       0xf4 libbb/lib.a(crypt_make_salt.o)
                0x000000000045569c                crypt_make_salt
 .text.device_open
                0x0000000000455790       0xb4 libbb/lib.a(device_open.o)
                0x0000000000455790                device_open
 .text.die_if_bad_username
                0x0000000000455844       0xb8 libbb/lib.a(die_if_bad_username.o)
                0x0000000000455844                die_if_bad_username
 .text.fclose_if_not_stdin
                0x00000000004558fc       0x8c libbb/lib.a(fclose_nonstdin.o)
                0x00000000004558fc                fclose_if_not_stdin
 .text.fflush_stdout_and_exit
                0x0000000000455988       0x60 libbb/lib.a(fflush_stdout_and_exit.o)
                0x0000000000455988                fflush_stdout_and_exit
 .text.find_pid_by_name
                0x00000000004559e8      0x1a0 libbb/lib.a(find_pid_by_name.o)
                0x00000000004559e8                find_pid_by_name
 .text.bb_get_chunk_with_continuation
                0x0000000000455b88      0x18c libbb/lib.a(get_line_from_file.o)
                0x0000000000455b88                bb_get_chunk_with_continuation
 .text.bb_get_chunk_from_file
                0x0000000000455d14       0x1c libbb/lib.a(get_line_from_file.o)
                0x0000000000455d14                bb_get_chunk_from_file
 .text.xmalloc_fgets
                0x0000000000455d30       0x3c libbb/lib.a(get_line_from_file.o)
                0x0000000000455d30                xmalloc_fgets
 .text.xmalloc_fgetline
                0x0000000000455d6c       0x68 libbb/lib.a(get_line_from_file.o)
                0x0000000000455d6c                xmalloc_fgetline
 .text.getopt32
                0x0000000000455dd4      0x6c4 libbb/lib.a(getopt32.o)
                0x0000000000455dd4                getopt32
 .text.xgetpty  0x0000000000456498       0xcc libbb/lib.a(getpty.o)
                0x0000000000456498                xgetpty
 .text.bb_herror_msg_and_die
                0x0000000000456564       0x7c libbb/lib.a(herror_msg_and_die.o)
                0x0000000000456564                bb_herror_msg_and_die
 .text.INET_resolve
                0x00000000004565e0       0xe4 libbb/lib.a(inet_common.o)
                0x00000000004565e0                INET_resolve
 .text.INET_rresolve
                0x00000000004566c4      0x25c libbb/lib.a(inet_common.o)
                0x00000000004566c4                INET_rresolve
 .text.bb_info_msg
                0x0000000000456920       0xc8 libbb/lib.a(info_msg.o)
                0x0000000000456920                bb_info_msg
 .text.is_in_ino_dev_hashtable
                0x00000000004569e8       0xc8 libbb/lib.a(inode_hash.o)
                0x00000000004569e8                is_in_ino_dev_hashtable
 .text.add_to_ino_dev_hashtable
                0x0000000000456ab0      0x12c libbb/lib.a(inode_hash.o)
                0x0000000000456ab0                add_to_ino_dev_hashtable
 .text.deinit_S
                0x0000000000456bdc       0x20 libbb/lib.a(lineedit.o)
 .text.cmdedit_set_out_char
                0x0000000000456bfc       0xb4 libbb/lib.a(lineedit.o)
 .text.input_end
                0x0000000000456cb0       0x74 libbb/lib.a(lineedit.o)
 .text.goto_new_line
                0x0000000000456d24       0x70 libbb/lib.a(lineedit.o)
 .text.beep     0x0000000000456d94       0x1c libbb/lib.a(lineedit.o)
 .text.input_backward
                0x0000000000456db0      0x11c libbb/lib.a(lineedit.o)
 .text.put_prompt
                0x0000000000456ecc       0x90 libbb/lib.a(lineedit.o)
 .text.redraw   0x0000000000456f5c       0xcc libbb/lib.a(lineedit.o)
 .text.input_delete
                0x0000000000457028       0xcc libbb/lib.a(lineedit.o)
 .text.input_backspace
                0x00000000004570f4       0x78 libbb/lib.a(lineedit.o)
 .text.input_forward
                0x000000000045716c       0x50 libbb/lib.a(lineedit.o)
 .text.free_tab_completion_data
                0x00000000004571bc       0xbc libbb/lib.a(lineedit.o)
 .text.add_quote_for_spec_chars
                0x0000000000457278       0xd0 libbb/lib.a(lineedit.o)
 .text.input_tab
                0x0000000000457348     0x145c libbb/lib.a(lineedit.o)
 .text.save_command_ps_at_cur_history
                0x00000000004587a4       0xa0 libbb/lib.a(lineedit.o)
 .text.get_previous_history
                0x0000000000458844       0xb8 libbb/lib.a(lineedit.o)
 .text.get_next_history
                0x00000000004588fc       0xc4 libbb/lib.a(lineedit.o)
 .text.parse_and_put_prompt
                0x00000000004589c0       0x50 libbb/lib.a(lineedit.o)
 .text.win_changed
                0x0000000000458a10       0xf4 libbb/lib.a(lineedit.o)
 .text.read_line_input
                0x0000000000458b04      0xc3c libbb/lib.a(lineedit.o)
                0x0000000000458b04                read_line_input
 .text.new_line_input_t
                0x0000000000459740       0x44 libbb/lib.a(lineedit.o)
                0x0000000000459740                new_line_input_t
 .text.llist_add_to
                0x0000000000459784       0x5c libbb/lib.a(llist.o)
                0x0000000000459784                llist_add_to
 .text.llist_add_to_end
                0x00000000004597e0       0x8c libbb/lib.a(llist.o)
                0x00000000004597e0                llist_add_to_end
 .text.llist_pop
                0x000000000045986c       0x70 libbb/lib.a(llist.o)
                0x000000000045986c                llist_pop
 .text.print_login_issue
                0x00000000004598dc      0x328 libbb/lib.a(login.o)
                0x00000000004598dc                print_login_issue
 .text.print_login_prompt
                0x0000000000459c04       0x9c libbb/lib.a(login.o)
                0x0000000000459c04                print_login_prompt
 .text.sanitize_env_if_suid
                0x0000000000459ca0       0xc4 libbb/lib.a(login.o)
                0x0000000000459ca0                sanitize_env_if_suid
 .text.bb_make_directory
                0x0000000000459d64      0x240 libbb/lib.a(make_directory.o)
                0x0000000000459d64                bb_make_directory
 .text.bb_makedev
                0x0000000000459fa4       0x60 libbb/lib.a(makedev.o)
                0x0000000000459fa4                bb_makedev
 .text.match_fstype
                0x000000000045a004      0x108 libbb/lib.a(match_fstype.o)
                0x000000000045a004                match_fstype
 .text.bb_mode_string
                0x000000000045a10c       0xd4 libbb/lib.a(mode_string.o)
                0x000000000045a10c                bb_mode_string
 .text.config_open2
                0x000000000045a1e0       0x60 libbb/lib.a(parse_config.o)
                0x000000000045a1e0                config_open2
 .text.config_open
                0x000000000045a240       0x1c libbb/lib.a(parse_config.o)
                0x000000000045a240                config_open
 .text.config_free_data
                0x000000000045a25c       0x48 libbb/lib.a(parse_config.o)
 .text.config_close
                0x000000000045a2a4       0x7c libbb/lib.a(parse_config.o)
                0x000000000045a2a4                config_close
 .text.config_read
                0x000000000045a320      0x2cc libbb/lib.a(parse_config.o)
                0x000000000045a320                config_read
 .text.bb_parse_mode
                0x000000000045a5ec      0x308 libbb/lib.a(parse_mode.o)
                0x000000000045a5ec                bb_parse_mode
 .text.bb_perror_nomsg_and_die
                0x000000000045a8f4       0x1c libbb/lib.a(perror_nomsg_and_die.o)
                0x000000000045a8f4                bb_perror_nomsg_and_die
 .text.write_pidfile
                0x000000000045a910      0x10c libbb/lib.a(pidfile.o)
                0x000000000045a910                write_pidfile
 .text.print_flags_separated
                0x000000000045aa1c       0xe0 libbb/lib.a(print_flags.o)
                0x000000000045aa1c                print_flags_separated
 .text.bb_process_escape_sequence
                0x000000000045aafc      0x108 libbb/lib.a(process_escape_sequence.o)
                0x000000000045aafc                bb_process_escape_sequence
 .text.get_cached
                0x000000000045ac04       0xdc libbb/lib.a(procps.o)
 .text.get_cached_username
                0x000000000045ace0       0x28 libbb/lib.a(procps.o)
                0x000000000045ace0                get_cached_username
 .text.read_to_buf
                0x000000000045ad08       0xa8 libbb/lib.a(procps.o)
 .text.free_procps_scan
                0x000000000045adb0       0x64 libbb/lib.a(procps.o)
                0x000000000045adb0                free_procps_scan
 .text.procps_scan
                0x000000000045ae14      0x3f0 libbb/lib.a(procps.o)
                0x000000000045ae14                procps_scan
 .text.read_cmdline
                0x000000000045b204       0xe0 libbb/lib.a(procps.o)
                0x000000000045b204                read_cmdline
 .text.pw_encrypt
                0x000000000045b2e4       0x40 libbb/lib.a(pw_encrypt.o)
                0x000000000045b2e4                pw_encrypt
 .text.true_action
                0x000000000045b324        0x8 libbb/lib.a(recursive_action.o)
 .text.recursive_action
                0x000000000045b32c      0x29c libbb/lib.a(recursive_action.o)
                0x000000000045b32c                recursive_action
 .text.remove_file
                0x000000000045b5c8      0x3a4 libbb/lib.a(remove_file.o)
                0x000000000045b5c8                remove_file
 .text.run_shell
                0x000000000045b96c      0x160 libbb/lib.a(run_shell.o)
                0x000000000045b96c                run_shell
 .text.safe_gethostname
                0x000000000045bacc       0x68 libbb/lib.a(safe_gethostname.o)
                0x000000000045bacc                safe_gethostname
 .text.safe_strncpy
                0x000000000045bb34       0x30 libbb/lib.a(safe_strncpy.o)
                0x000000000045bb34                safe_strncpy
 .text.overlapping_strcpy
                0x000000000045bb64       0x28 libbb/lib.a(safe_strncpy.o)
                0x000000000045bb64                overlapping_strcpy
 .text.setup_environment
                0x000000000045bb8c      0x1c4 libbb/lib.a(setup_environment.o)
                0x000000000045bb8c                setup_environment
 .text.sigaction_set
                0x000000000045bd50       0x1c libbb/lib.a(signals.o)
                0x000000000045bd50                sigaction_set
 .text.sigprocmask_allsigs
                0x000000000045bd6c       0x58 libbb/lib.a(signals.o)
                0x000000000045bd6c                sigprocmask_allsigs
 .text.bb_signals
                0x000000000045bdc4       0x8c libbb/lib.a(signals.o)
                0x000000000045bdc4                bb_signals
 .text.sig_unblock
                0x000000000045be50       0x70 libbb/lib.a(signals.o)
                0x000000000045be50                sig_unblock
 .text.kill_myself_with_sig
                0x000000000045bec0       0x74 libbb/lib.a(signals.o)
                0x000000000045bec0                kill_myself_with_sig
 .text.signal_SA_RESTART_empty_mask
                0x000000000045bf34       0x80 libbb/lib.a(signals.o)
                0x000000000045bf34                signal_SA_RESTART_empty_mask
 .text.bb_simplify_path
                0x000000000045bfb4      0x188 libbb/lib.a(simplify_path.o)
                0x000000000045bfb4                bb_simplify_path
 .text.tty_baud_to_value
                0x000000000045c13c       0x64 libbb/lib.a(speed_table.o)
                0x000000000045c13c                tty_baud_to_value
 .text.tty_value_to_baud
                0x000000000045c1a0       0x88 libbb/lib.a(speed_table.o)
                0x000000000045c1a0                tty_value_to_baud
 .text.str_tolower
                0x000000000045c228       0x58 libbb/lib.a(str_tolower.o)
                0x000000000045c228                str_tolower
 .text.monotonic_us
                0x000000000045c280       0x70 libbb/lib.a(time.o)